12:42:36 **** Build of configuration Debug for project LAB2_VXL_EX2 ****
make -j4 all 
arm-none-eabi-gcc "../Drivers/STM32F1xx_HAL_Driver/Src/stm32f1xx_hal.c" -mcpu=cortex-m3 -std=gnu11 -g3 -DDEBUG -DUSE_HAL_DRIVER -DSTM32F103x6 -c -I../Core/Inc -I../Drivers/STM32F1xx_HAL_Driver/Inc -I../Drivers/STM32F1xx_HAL_Driver/Inc/Legacy -I../Drivers/CMSIS/Device/ST/STM32F1xx/Include -I../Drivers/CMSIS/Include -O0 -ffunction-sections -fdata-sections -Wall -fstack-usage -MMD -MP -MF"Drivers/STM32F1xx_HAL_Driver/Src/stm32f1xx_hal.d" -MT"Drivers/STM32F1xx_HAL_Driver/Src/stm32f1xx_hal.o" --specs=nano.specs -mfloat-abi=soft -mthumb -o "Drivers/STM32F1xx_HAL_Driver/Src/stm32f1xx_hal.o"
arm-none-eabi-gcc "../Drivers/STM32F1xx_HAL_Driver/Src/stm32f1xx_hal_cortex.c" -mcpu=cortex-m3 -std=gnu11 -g3 -DDEBUG -DUSE_HAL_DRIVER -DSTM32F103x6 -c -I../Core/Inc -I../Drivers/STM32F1xx_HAL_Driver/Inc -I../Drivers/STM32F1xx_HAL_Driver/Inc/Legacy -I../Drivers/CMSIS/Device/ST/STM32F1xx/Include -I../Drivers/CMSIS/Include -O0 -ffunction-sections -fdata-sections -Wall -fstack-usage -MMD -MP -MF"Drivers/STM32F1xx_HAL_Driver/Src/stm32f1xx_hal_cortex.d" -MT"Drivers/STM32F1xx_HAL_Driver/Src/stm32f1xx_hal_cortex.o" --specs=nano.specs -mfloat-abi=soft -mthumb -o "Drivers/STM32F1xx_HAL_Driver/Src/stm32f1xx_hal_cortex.o"
arm-none-eabi-gcc "../Drivers/STM32F1xx_HAL_Driver/Src/stm32f1xx_hal_dma.c" -mcpu=cortex-m3 -std=gnu11 -g3 -DDEBUG -DUSE_HAL_DRIVER -DSTM32F103x6 -c -I../Core/Inc -I../Drivers/STM32F1xx_HAL_Driver/Inc -I../Drivers/STM32F1xx_HAL_Driver/Inc/Legacy -I../Drivers/CMSIS/Device/ST/STM32F1xx/Include -I../Drivers/CMSIS/Include -O0 -ffunction-sections -fdata-sections -Wall -fstack-usage -MMD -MP -MF"Drivers/STM32F1xx_HAL_Driver/Src/stm32f1xx_hal_dma.d" -MT"Drivers/STM32F1xx_HAL_Driver/Src/stm32f1xx_hal_dma.o" --specs=nano.specs -mfloat-abi=soft -mthumb -o "Drivers/STM32F1xx_HAL_Driver/Src/stm32f1xx_hal_dma.o"
arm-none-eabi-gcc "../Drivers/STM32F1xx_HAL_Driver/Src/stm32f1xx_hal_exti.c" -mcpu=cortex-m3 -std=gnu11 -g3 -DDEBUG -DUSE_HAL_DRIVER -DSTM32F103x6 -c -I../Core/Inc -I../Drivers/STM32F1xx_HAL_Driver/Inc -I../Drivers/STM32F1xx_HAL_Driver/Inc/Legacy -I../Drivers/CMSIS/Device/ST/STM32F1xx/Include -I../Drivers/CMSIS/Include -O0 -ffunction-sections -fdata-sections -Wall -fstack-usage -MMD -MP -MF"Drivers/STM32F1xx_HAL_Driver/Src/stm32f1xx_hal_exti.d" -MT"Drivers/STM32F1xx_HAL_Driver/Src/stm32f1xx_hal_exti.o" --specs=nano.specs -mfloat-abi=soft -mthumb -o "Drivers/STM32F1xx_HAL_Driver/Src/stm32f1xx_hal_exti.o"
arm-none-eabi-gcc "../Drivers/STM32F1xx_HAL_Driver/Src/stm32f1xx_hal_flash.c" -mcpu=cortex-m3 -std=gnu11 -g3 -DDEBUG -DUSE_HAL_DRIVER -DSTM32F103x6 -c -I../Core/Inc -I../Drivers/STM32F1xx_HAL_Driver/Inc -I../Drivers/STM32F1xx_HAL_Driver/Inc/Legacy -I../Drivers/CMSIS/Device/ST/STM32F1xx/Include -I../Drivers/CMSIS/Include -O0 -ffunction-sections -fdata-sections -Wall -fstack-usage -MMD -MP -MF"Drivers/STM32F1xx_HAL_Driver/Src/stm32f1xx_hal_flash.d" -MT"Drivers/STM32F1xx_HAL_Driver/Src/stm32f1xx_hal_flash.o" --specs=nano.specs -mfloat-abi=soft -mthumb -o "Drivers/STM32F1xx_HAL_Driver/Src/stm32f1xx_hal_flash.o"
arm-none-eabi-gcc "../Drivers/STM32F1xx_HAL_Driver/Src/stm32f1xx_hal_flash_ex.c" -mcpu=cortex-m3 -std=gnu11 -g3 -DDEBUG -DUSE_HAL_DRIVER -DSTM32F103x6 -c -I../Core/Inc -I../Drivers/STM32F1xx_HAL_Driver/Inc -I../Drivers/STM32F1xx_HAL_Driver/Inc/Legacy -I../Drivers/CMSIS/Device/ST/STM32F1xx/Include -I../Drivers/CMSIS/Include -O0 -ffunction-sections -fdata-sections -Wall -fstack-usage -MMD -MP -MF"Drivers/STM32F1xx_HAL_Driver/Src/stm32f1xx_hal_flash_ex.d" -MT"Drivers/STM32F1xx_HAL_Driver/Src/stm32f1xx_hal_flash_ex.o" --specs=nano.specs -mfloat-abi=soft -mthumb -o "Drivers/STM32F1xx_HAL_Driver/Src/stm32f1xx_hal_flash_ex.o"
arm-none-eabi-gcc "../Drivers/STM32F1xx_HAL_Driver/Src/stm32f1xx_hal_gpio.c" -mcpu=cortex-m3 -std=gnu11 -g3 -DDEBUG -DUSE_HAL_DRIVER -DSTM32F103x6 -c -I../Core/Inc -I../Drivers/STM32F1xx_HAL_Driver/Inc -I../Drivers/STM32F1xx_HAL_Driver/Inc/Legacy -I../Drivers/CMSIS/Device/ST/STM32F1xx/Include -I../Drivers/CMSIS/Include -O0 -ffunction-sections -fdata-sections -Wall -fstack-usage -MMD -MP -MF"Drivers/STM32F1xx_HAL_Driver/Src/stm32f1xx_hal_gpio.d" -MT"Drivers/STM32F1xx_HAL_Driver/Src/stm32f1xx_hal_gpio.o" --specs=nano.specs -mfloat-abi=soft -mthumb -o "Drivers/STM32F1xx_HAL_Driver/Src/stm32f1xx_hal_gpio.o"
arm-none-eabi-gcc "../Drivers/STM32F1xx_HAL_Driver/Src/stm32f1xx_hal_gpio_ex.c" -mcpu=cortex-m3 -std=gnu11 -g3 -DDEBUG -DUSE_HAL_DRIVER -DSTM32F103x6 -c -I../Core/Inc -I../Drivers/STM32F1xx_HAL_Driver/Inc -I../Drivers/STM32F1xx_HAL_Driver/Inc/Legacy -I../Drivers/CMSIS/Device/ST/STM32F1xx/Include -I../Drivers/CMSIS/Include -O0 -ffunction-sections -fdata-sections -Wall -fstack-usage -MMD -MP -MF"Drivers/STM32F1xx_HAL_Driver/Src/stm32f1xx_hal_gpio_ex.d" -MT"Drivers/STM32F1xx_HAL_Driver/Src/stm32f1xx_hal_gpio_ex.o" --specs=nano.specs -mfloat-abi=soft -mthumb -o "Drivers/STM32F1xx_HAL_Driver/Src/stm32f1xx_hal_gpio_ex.o"
arm-none-eabi-gcc "../Drivers/STM32F1xx_HAL_Driver/Src/stm32f1xx_hal_pwr.c" -mcpu=cortex-m3 -std=gnu11 -g3 -DDEBUG -DUSE_HAL_DRIVER -DSTM32F103x6 -c -I../Core/Inc -I../Drivers/STM32F1xx_HAL_Driver/Inc -I../Drivers/STM32F1xx_HAL_Driver/Inc/Legacy -I../Drivers/CMSIS/Device/ST/STM32F1xx/Include -I../Drivers/CMSIS/Include -O0 -ffunction-sections -fdata-sections -Wall -fstack-usage -MMD -MP -MF"Drivers/STM32F1xx_HAL_Driver/Src/stm32f1xx_hal_pwr.d" -MT"Drivers/STM32F1xx_HAL_Driver/Src/stm32f1xx_hal_pwr.o" --specs=nano.specs -mfloat-abi=soft -mthumb -o "Drivers/STM32F1xx_HAL_Driver/Src/stm32f1xx_hal_pwr.o"
arm-none-eabi-gcc "../Drivers/STM32F1xx_HAL_Driver/Src/stm32f1xx_hal_rcc.c" -mcpu=cortex-m3 -std=gnu11 -g3 -DDEBUG -DUSE_HAL_DRIVER -DSTM32F103x6 -c -I../Core/Inc -I../Drivers/STM32F1xx_HAL_Driver/Inc -I../Drivers/STM32F1xx_HAL_Driver/Inc/Legacy -I../Drivers/CMSIS/Device/ST/STM32F1xx/Include -I../Drivers/CMSIS/Include -O0 -ffunction-sections -fdata-sections -Wall -fstack-usage -MMD -MP -MF"Drivers/STM32F1xx_HAL_Driver/Src/stm32f1xx_hal_rcc.d" -MT"Drivers/STM32F1xx_HAL_Driver/Src/stm32f1xx_hal_rcc.o" --specs=nano.specs -mfloat-abi=soft -mthumb -o "Drivers/STM32F1xx_HAL_Driver/Src/stm32f1xx_hal_rcc.o"
arm-none-eabi-gcc "../Drivers/STM32F1xx_HAL_Driver/Src/stm32f1xx_hal_rcc_ex.c" -mcpu=cortex-m3 -std=gnu11 -g3 -DDEBUG -DUSE_HAL_DRIVER -DSTM32F103x6 -c -I../Core/Inc -I../Drivers/STM32F1xx_HAL_Driver/Inc -I../Drivers/STM32F1xx_HAL_Driver/Inc/Legacy -I../Drivers/CMSIS/Device/ST/STM32F1xx/Include -I../Drivers/CMSIS/Include -O0 -ffunction-sections -fdata-sections -Wall -fstack-usage -MMD -MP -MF"Drivers/STM32F1xx_HAL_Driver/Src/stm32f1xx_hal_rcc_ex.d" -MT"Drivers/STM32F1xx_HAL_Driver/Src/stm32f1xx_hal_rcc_ex.o" --specs=nano.specs -mfloat-abi=soft -mthumb -o "Drivers/STM32F1xx_HAL_Driver/Src/stm32f1xx_hal_rcc_ex.o"
arm-none-eabi-gcc "../Drivers/STM32F1xx_HAL_Driver/Src/stm32f1xx_hal_tim.c" -mcpu=cortex-m3 -std=gnu11 -g3 -DDEBUG -DUSE_HAL_DRIVER -DSTM32F103x6 -c -I../Core/Inc -I../Drivers/STM32F1xx_HAL_Driver/Inc -I../Drivers/STM32F1xx_HAL_Driver/Inc/Legacy -I../Drivers/CMSIS/Device/ST/STM32F1xx/Include -I../Drivers/CMSIS/Include -O0 -ffunction-sections -fdata-sections -Wall -fstack-usage -MMD -MP -MF"Drivers/STM32F1xx_HAL_Driver/Src/stm32f1xx_hal_tim.d" -MT"Drivers/STM32F1xx_HAL_Driver/Src/stm32f1xx_hal_tim.o" --specs=nano.specs -mfloat-abi=soft -mthumb -o "Drivers/STM32F1xx_HAL_Driver/Src/stm32f1xx_hal_tim.o"
arm-none-eabi-gcc "../Drivers/STM32F1xx_HAL_Driver/Src/stm32f1xx_hal_tim_ex.c" -mcpu=cortex-m3 -std=gnu11 -g3 -DDEBUG -DUSE_HAL_DRIVER -DSTM32F103x6 -c -I../Core/Inc -I../Drivers/STM32F1xx_HAL_Driver/Inc -I../Drivers/STM32F1xx_HAL_Driver/Inc/Legacy -I../Drivers/CMSIS/Device/ST/STM32F1xx/Include -I../Drivers/CMSIS/Include -O0 -ffunction-sections -fdata-sections -Wall -fstack-usage -MMD -MP -MF"Drivers/STM32F1xx_HAL_Driver/Src/stm32f1xx_hal_tim_ex.d" -MT"Drivers/STM32F1xx_HAL_Driver/Src/stm32f1xx_hal_tim_ex.o" --specs=nano.specs -mfloat-abi=soft -mthumb -o "Drivers/STM32F1xx_HAL_Driver/Src/stm32f1xx_hal_tim_ex.o"
arm-none-eabi-gcc -mcpu=cortex-m3 -g3 -DDEBUG -c -x assembler-with-cpp -MMD -MP -MF"Core/Startup/startup_stm32f103c6ux.d" -MT"Core/Startup/startup_stm32f103c6ux.o" --specs=nano.specs -mfloat-abi=soft -mthumb -o "Core/Startup/startup_stm32f103c6ux.o" "../Core/Startup/startup_stm32f103c6ux.s"
arm-none-eabi-gcc "../Core/Src/main.c" -mcpu=cortex-m3 -std=gnu11 -g3 -DDEBUG -DUSE_HAL_DRIVER -DSTM32F103x6 -c -I../Core/Inc -I../Drivers/STM32F1xx_HAL_Driver/Inc -I../Drivers/STM32F1xx_HAL_Driver/Inc/Legacy -I../Drivers/CMSIS/Device/ST/STM32F1xx/Include -I../Drivers/CMSIS/Include -O0 -ffunction-sections -fdata-sections -Wall -fstack-usage -MMD -MP -MF"Core/Src/main.d" -MT"Core/Src/main.o" --specs=nano.specs -mfloat-abi=soft -mthumb -o "Core/Src/main.o"
../Core/Src/main.c: In function 'HAL_TIM_PeriodElapsedCallback':
../Core/Src/main.c:265:17: warning: implicit declaration of function 'display7SEG' [-Wimplicit-function-declaration]
  265 |                 display7SEG(3);
      |                 ^~~~~~~~~~~
arm-none-eabi-gcc "../Core/Src/stm32f1xx_hal_msp.c" -mcpu=cortex-m3 -std=gnu11 -g3 -DDEBUG -DUSE_HAL_DRIVER -DSTM32F103x6 -c -I../Core/Inc -I../Drivers/STM32F1xx_HAL_Driver/Inc -I../Drivers/STM32F1xx_HAL_Driver/Inc/Legacy -I../Drivers/CMSIS/Device/ST/STM32F1xx/Include -I../Drivers/CMSIS/Include -O0 -ffunction-sections -fdata-sections -Wall -fstack-usage -MMD -MP -MF"Core/Src/stm32f1xx_hal_msp.d" -MT"Core/Src/stm32f1xx_hal_msp.o" --specs=nano.specs -mfloat-abi=soft -mthumb -o "Core/Src/stm32f1xx_hal_msp.o"
arm-none-eabi-gcc "../Core/Src/stm32f1xx_it.c" -mcpu=cortex-m3 -std=gnu11 -g3 -DDEBUG -DUSE_HAL_DRIVER -DSTM32F103x6 -c -I../Core/Inc -I../Drivers/STM32F1xx_HAL_Driver/Inc -I../Drivers/STM32F1xx_HAL_Driver/Inc/Legacy -I../Drivers/CMSIS/Device/ST/STM32F1xx/Include -I../Drivers/CMSIS/Include -O0 -ffunction-sections -fdata-sections -Wall -fstack-usage -MMD -MP -MF"Core/Src/stm32f1xx_it.d" -MT"Core/Src/stm32f1xx_it.o" --specs=nano.specs -mfloat-abi=soft -mthumb -o "Core/Src/stm32f1xx_it.o"
arm-none-eabi-gcc "../Core/Src/syscalls.c" -mcpu=cortex-m3 -std=gnu11 -g3 -DDEBUG -DUSE_HAL_DRIVER -DSTM32F103x6 -c -I../Core/Inc -I../Drivers/STM32F1xx_HAL_Driver/Inc -I../Drivers/STM32F1xx_HAL_Driver/Inc/Legacy -I../Drivers/CMSIS/Device/ST/STM32F1xx/Include -I../Drivers/CMSIS/Include -O0 -ffunction-sections -fdata-sections -Wall -fstack-usage -MMD -MP -MF"Core/Src/syscalls.d" -MT"Core/Src/syscalls.o" --specs=nano.specs -mfloat-abi=soft -mthumb -o "Core/Src/syscalls.o"
arm-none-eabi-gcc "../Core/Src/sysmem.c" -mcpu=cortex-m3 -std=gnu11 -g3 -DDEBUG -DUSE_HAL_DRIVER -DSTM32F103x6 -c -I../Core/Inc -I../Drivers/STM32F1xx_HAL_Driver/Inc -I../Drivers/STM32F1xx_HAL_Driver/Inc/Legacy -I../Drivers/CMSIS/Device/ST/STM32F1xx/Include -I../Drivers/CMSIS/Include -O0 -ffunction-sections -fdata-sections -Wall -fstack-usage -MMD -MP -MF"Core/Src/sysmem.d" -MT"Core/Src/sysmem.o" --specs=nano.specs -mfloat-abi=soft -mthumb -o "Core/Src/sysmem.o"
arm-none-eabi-gcc "../Core/Src/system_stm32f1xx.c" -mcpu=cortex-m3 -std=gnu11 -g3 -DDEBUG -DUSE_HAL_DRIVER -DSTM32F103x6 -c -I../Core/Inc -I../Drivers/STM32F1xx_HAL_Driver/Inc -I../Drivers/STM32F1xx_HAL_Driver/Inc/Legacy -I../Drivers/CMSIS/Device/ST/STM32F1xx/Include -I../Drivers/CMSIS/Include -O0 -ffunction-sections -fdata-sections -Wall -fstack-usage -MMD -MP -MF"Core/Src/system_stm32f1xx.d" -MT"Core/Src/system_stm32f1xx.o" --specs=nano.specs -mfloat-abi=soft -mthumb -o "Core/Src/system_stm32f1xx.o"
arm-none-eabi-gcc -o "LAB2_VXL_EX2.elf" @"objects.list"   -mcpu=cortex-m3 -T"D:\STM32CubeIDE_1.7.0\STM32CubeIDE\Lab2_VXL\LAB2_VXL_EX2\STM32F103C6UX_FLASH.ld" --specs=nosys.specs -Wl,-Map="LAB2_VXL_EX2.map" -Wl,--gc-sections -static --specs=nano.specs -mfloat-abi=soft -mthumb -Wl,--start-group -lc -lm -Wl,--end-group
d:\stm32cubeide_1.7.0\stm32cubeide\plugins\com.st.stm32cube.ide.mcu.externaltools.gnu-tools-for-stm32.9-2020-q2-update.win32_2.0.0.202105311346\tools\arm-none-eabi\bin\ld.exe: ./Core/Src/main.o: in function `HAL_TIM_PeriodElapsedCallback':
D:/STM32CubeIDE_1.7.0/STM32CubeIDE/Lab2_VXL/LAB2_VXL_EX2/Debug/../Core/Src/main.c:265: undefined reference to `display7SEG'
d:\stm32cubeide_1.7.0\stm32cubeide\plugins\com.st.stm32cube.ide.mcu.externaltools.gnu-tools-for-stm32.9-2020-q2-update.win32_2.0.0.202105311346\tools\arm-none-eabi\bin\ld.exe: D:/STM32CubeIDE_1.7.0/STM32CubeIDE/Lab2_VXL/LAB2_VXL_EX2/Debug/../Core/Src/main.c:270: undefined reference to `display7SEG'
collect2.exe: error: ld returned 1 exit status
make: *** [makefile:65: LAB2_VXL_EX2.elf] Error 1
"make -j4 all" terminated with exit code 2. Build might be incomplete.
12:43:05 **** Incremental Build of configuration Debug for project LAB2_VXL_EX2 ****
make -j4 all 
arm-none-eabi-gcc -o "LAB2_VXL_EX2.elf" @"objects.list"   -mcpu=cortex-m3 -T"D:\STM32CubeIDE_1.7.0\STM32CubeIDE\Lab2_VXL\LAB2_VXL_EX2\STM32F103C6UX_FLASH.ld" --specs=nosys.specs -Wl,-Map="LAB2_VXL_EX2.map" -Wl,--gc-sections -static --specs=nano.specs -mfloat-abi=soft -mthumb -Wl,--start-group -lc -lm -Wl,--end-group
d:\stm32cubeide_1.7.0\stm32cubeide\plugins\com.st.stm32cube.ide.mcu.externaltools.gnu-tools-for-stm32.9-2020-q2-update.win32_2.0.0.202105311346\tools\arm-none-eabi\bin\ld.exe: ./Core/Src/main.o: in function `HAL_TIM_PeriodElapsedCallback':
D:/STM32CubeIDE_1.7.0/STM32CubeIDE/Lab2_VXL/LAB2_VXL_EX2/Debug/../Core/Src/main.c:265: undefined reference to `display7SEG'
d:\stm32cubeide_1.7.0\stm32cubeide\plugins\com.st.stm32cube.ide.mcu.externaltools.gnu-tools-for-stm32.9-2020-q2-update.win32_2.0.0.202105311346\tools\arm-none-eabi\bin\ld.exe: D:/STM32CubeIDE_1.7.0/STM32CubeIDE/Lab2_VXL/LAB2_VXL_EX2/Debug/../Core/Src/main.c:270: undefined reference to `display7SEG'
collect2.exe: error: ld returned 1 exit status
make: *** [makefile:68: LAB2_VXL_EX2.elf] Error 1
"make -j4 all" terminated with exit code 2. Build might be incomplete.
12:44:17 **** Incremental Build of configuration Debug for project LAB2_VXL_EX2 ****
make -j4 all 
arm-none-eabi-gcc "../Core/Src/main.c" -mcpu=cortex-m3 -std=gnu11 -g3 -DDEBUG -DUSE_HAL_DRIVER -DSTM32F103x6 -c -I../Core/Inc -I../Drivers/STM32F1xx_HAL_Driver/Inc -I../Drivers/STM32F1xx_HAL_Driver/Inc/Legacy -I../Drivers/CMSIS/Device/ST/STM32F1xx/Include -I../Drivers/CMSIS/Include -O0 -ffunction-sections -fdata-sections -Wall -fstack-usage -MMD -MP -MF"Core/Src/main.d" -MT"Core/Src/main.o" --specs=nano.specs -mfloat-abi=soft -mthumb -o "Core/Src/main.o"
arm-none-eabi-gcc -o "LAB2_VXL_EX2.elf" @"objects.list"   -mcpu=cortex-m3 -T"D:\STM32CubeIDE_1.7.0\STM32CubeIDE\Lab2_VXL\LAB2_VXL_EX2\STM32F103C6UX_FLASH.ld" --specs=nosys.specs -Wl,-Map="LAB2_VXL_EX2.map" -Wl,--gc-sections -static --specs=nano.specs -mfloat-abi=soft -mthumb -Wl,--start-group -lc -lm -Wl,--end-group
Finished building target: LAB2_VXL_EX2.elf
 
arm-none-eabi-size   LAB2_VXL_EX2.elf 
arm-none-eabi-objdump -h -S  LAB2_VXL_EX2.elf  > "LAB2_VXL_EX2.list"
arm-none-eabi-objcopy  -O ihex  LAB2_VXL_EX2.elf  "LAB2_VXL_EX2.hex"
arm-none-eabi-objcopy  -O binary  LAB2_VXL_EX2.elf  "LAB2_VXL_EX2.bin"
   text	   data	    bss	    dec	    hex	filename
   7260	     20	   1652	   8932	   22e4	LAB2_VXL_EX2.elf
Finished building: default.size.stdout
 
Finished building: LAB2_VXL_EX2.hex
 
Finished building: LAB2_VXL_EX2.bin
Finished building: LAB2_VXL_EX2.list
 
 
12:46:44 **** Incremental Build of configuration Debug for project LAB2_VXL_EX2 ****
make -j4 all 
arm-none-eabi-gcc "../Core/Src/main.c" -mcpu=cortex-m3 -std=gnu11 -g3 -DDEBUG -DUSE_HAL_DRIVER -DSTM32F103x6 -c -I../Core/Inc -I../Drivers/STM32F1xx_HAL_Driver/Inc -I../Drivers/STM32F1xx_HAL_Driver/Inc/Legacy -I../Drivers/CMSIS/Device/ST/STM32F1xx/Include -I../Drivers/CMSIS/Include -O0 -ffunction-sections -fdata-sections -Wall -fstack-usage -MMD -MP -MF"Core/Src/main.d" -MT"Core/Src/main.o" --specs=nano.specs -mfloat-abi=soft -mthumb -o "Core/Src/main.o"
arm-none-eabi-gcc -o "LAB2_VXL_EX2.elf" @"objects.list"   -mcpu=cortex-m3 -T"D:\STM32CubeIDE_1.7.0\STM32CubeIDE\Lab2_VXL\LAB2_VXL_EX2\STM32F103C6UX_FLASH.ld" --specs=nosys.specs -Wl,-Map="LAB2_VXL_EX2.map" -Wl,--gc-sections -static --specs=nano.specs -mfloat-abi=soft -mthumb -Wl,--start-group -lc -lm -Wl,--end-group
Finished building target: LAB2_VXL_EX2.elf
 
arm-none-eabi-size   LAB2_VXL_EX2.elf 
arm-none-eabi-objdump -h -S  LAB2_VXL_EX2.elf  > "LAB2_VXL_EX2.list"
arm-none-eabi-objcopy  -O ihex  LAB2_VXL_EX2.elf  "LAB2_VXL_EX2.hex"
arm-none-eabi-objcopy  -O binary  LAB2_VXL_EX2.elf  "LAB2_VXL_EX2.bin"
   text	   data	    bss	    dec	    hex	filename
   7292	     20	   1652	   8964	   2304	LAB2_VXL_EX2.elf
Finished building: default.size.stdout
Finished building: LAB2_VXL_EX2.hex
Finished building: LAB2_VXL_EX2.bin
Finished building: LAB2_VXL_EX2.list
 
 
 
 
12:50:37 **** Incremental Build of configuration Debug for project LAB2_VXL_EX2 ****
make -j4 all 
arm-none-eabi-gcc "../Core/Src/main.c" -mcpu=cortex-m3 -std=gnu11 -g3 -DDEBUG -DUSE_HAL_DRIVER -DSTM32F103x6 -c -I../Core/Inc -I../Drivers/STM32F1xx_HAL_Driver/Inc -I../Drivers/STM32F1xx_HAL_Driver/Inc/Legacy -I../Drivers/CMSIS/Device/ST/STM32F1xx/Include -I../Drivers/CMSIS/Include -O0 -ffunction-sections -fdata-sections -Wall -fstack-usage -MMD -MP -MF"Core/Src/main.d" -MT"Core/Src/main.o" --specs=nano.specs -mfloat-abi=soft -mthumb -o "Core/Src/main.o"
../Core/Src/main.c:262:6: error: conflicting types for 'display7SEG'
  262 | void display7SEG(uint8_t num) {
      |      ^~~~~~~~~~~
../Core/Src/main.c:67:6: note: previous definition of 'display7SEG' was here
   67 | void display7SEG(int num){
      |      ^~~~~~~~~~~
make: *** [Core/Src/subdir.mk:34: Core/Src/main.o] Error 1
"make -j4 all" terminated with exit code 2. Build might be incomplete.
12:51:01 **** Incremental Build of configuration Debug for project LAB2_VXL_EX2 ****
make -j4 all 
arm-none-eabi-gcc "../Core/Src/main.c" -mcpu=cortex-m3 -std=gnu11 -g3 -DDEBUG -DUSE_HAL_DRIVER -DSTM32F103x6 -c -I../Core/Inc -I../Drivers/STM32F1xx_HAL_Driver/Inc -I../Drivers/STM32F1xx_HAL_Driver/Inc/Legacy -I../Drivers/CMSIS/Device/ST/STM32F1xx/Include -I../Drivers/CMSIS/Include -O0 -ffunction-sections -fdata-sections -Wall -fstack-usage -MMD -MP -MF"Core/Src/main.d" -MT"Core/Src/main.o" --specs=nano.specs -mfloat-abi=soft -mthumb -o "Core/Src/main.o"
arm-none-eabi-gcc -o "LAB2_VXL_EX2.elf" @"objects.list"   -mcpu=cortex-m3 -T"D:\STM32CubeIDE_1.7.0\STM32CubeIDE\Lab2_VXL\LAB2_VXL_EX2\STM32F103C6UX_FLASH.ld" --specs=nosys.specs -Wl,-Map="LAB2_VXL_EX2.map" -Wl,--gc-sections -static --specs=nano.specs -mfloat-abi=soft -mthumb -Wl,--start-group -lc -lm -Wl,--end-group
Finished building target: LAB2_VXL_EX2.elf
 
arm-none-eabi-size   LAB2_VXL_EX2.elf 
arm-none-eabi-objdump -h -S  LAB2_VXL_EX2.elf  > "LAB2_VXL_EX2.list"
arm-none-eabi-objcopy  -O ihex  LAB2_VXL_EX2.elf  "LAB2_VXL_EX2.hex"
arm-none-eabi-objcopy  -O binary  LAB2_VXL_EX2.elf  "LAB2_VXL_EX2.bin"
   text	   data	    bss	    dec	    hex	filename
   7248	     20	   1652	   8920	   22d8	LAB2_VXL_EX2.elf
Finished building: default.size.stdout
 
Finished building: LAB2_VXL_EX2.bin
Finished building: LAB2_VXL_EX2.hex
 
 
Finished building: LAB2_VXL_EX2.list
 
12:55:04 **** Incremental Build of configuration Debug for project LAB2_VXL_EX2 ****
make -j4 all 
arm-none-eabi-gcc "../Core/Src/main.c" -mcpu=cortex-m3 -std=gnu11 -g3 -DDEBUG -DUSE_HAL_DRIVER -DSTM32F103x6 -c -I../Core/Inc -I../Drivers/STM32F1xx_HAL_Driver/Inc -I../Drivers/STM32F1xx_HAL_Driver/Inc/Legacy -I../Drivers/CMSIS/Device/ST/STM32F1xx/Include -I../Drivers/CMSIS/Include -O0 -ffunction-sections -fdata-sections -Wall -fstack-usage -MMD -MP -MF"Core/Src/main.d" -MT"Core/Src/main.o" --specs=nano.specs -mfloat-abi=soft -mthumb -o "Core/Src/main.o"
arm-none-eabi-gcc -o "LAB2_VXL_EX2.elf" @"objects.list"   -mcpu=cortex-m3 -T"D:\STM32CubeIDE_1.7.0\STM32CubeIDE\Lab2_VXL\LAB2_VXL_EX2\STM32F103C6UX_FLASH.ld" --specs=nosys.specs -Wl,-Map="LAB2_VXL_EX2.map" -Wl,--gc-sections -static --specs=nano.specs -mfloat-abi=soft -mthumb -Wl,--start-group -lc -lm -Wl,--end-group
Finished building target: LAB2_VXL_EX2.elf
 
arm-none-eabi-size   LAB2_VXL_EX2.elf 
arm-none-eabi-objdump -h -S  LAB2_VXL_EX2.elf  > "LAB2_VXL_EX2.list"
arm-none-eabi-objcopy  -O ihex  LAB2_VXL_EX2.elf  "LAB2_VXL_EX2.hex"
arm-none-eabi-objcopy  -O binary  LAB2_VXL_EX2.elf  "LAB2_VXL_EX2.bin"
   text	   data	    bss	    dec	    hex	filename
   7248	     20	   1652	   8920	   22d8	LAB2_VXL_EX2.elf
Finished building: default.size.stdout
 
Finished building: LAB2_VXL_EX2.bin
Finished building: LAB2_VXL_EX2.hex
 
Finished building: LAB2_VXL_EX2.list
 
 
12:57:06 **** Incremental Build of configuration Debug for project LAB2_VXL_EX2 ****
make -j4 all 
arm-none-eabi-gcc "../Core/Src/main.c" -mcpu=cortex-m3 -std=gnu11 -g3 -DDEBUG -DUSE_HAL_DRIVER -DSTM32F103x6 -c -I../Core/Inc -I../Drivers/STM32F1xx_HAL_Driver/Inc -I../Drivers/STM32F1xx_HAL_Driver/Inc/Legacy -I../Drivers/CMSIS/Device/ST/STM32F1xx/Include -I../Drivers/CMSIS/Include -O0 -ffunction-sections -fdata-sections -Wall -fstack-usage -MMD -MP -MF"Core/Src/main.d" -MT"Core/Src/main.o" --specs=nano.specs -mfloat-abi=soft -mthumb -o "Core/Src/main.o"
arm-none-eabi-gcc -o "LAB2_VXL_EX2.elf" @"objects.list"   -mcpu=cortex-m3 -T"D:\STM32CubeIDE_1.7.0\STM32CubeIDE\Lab2_VXL\LAB2_VXL_EX2\STM32F103C6UX_FLASH.ld" --specs=nosys.specs -Wl,-Map="LAB2_VXL_EX2.map" -Wl,--gc-sections -static --specs=nano.specs -mfloat-abi=soft -mthumb -Wl,--start-group -lc -lm -Wl,--end-group
Finished building target: LAB2_VXL_EX2.elf
 
arm-none-eabi-size   LAB2_VXL_EX2.elf 
arm-none-eabi-objdump -h -S  LAB2_VXL_EX2.elf  > "LAB2_VXL_EX2.list"
arm-none-eabi-objcopy  -O ihex  LAB2_VXL_EX2.elf  "LAB2_VXL_EX2.hex"
arm-none-eabi-objcopy  -O binary  LAB2_VXL_EX2.elf  "LAB2_VXL_EX2.bin"
   text	   data	    bss	    dec	    hex	filename
   6832	     20	   1644	   8496	   2130	LAB2_VXL_EX2.elf
Finished building: default.size.stdout
Finished building: LAB2_VXL_EX2.bin
Finished building: LAB2_VXL_EX2.hex
 
 
 
Finished building: LAB2_VXL_EX2.list
 
12:58:15 **** Incremental Build of configuration Debug for project LAB2_VXL_EX2 ****
make -j4 all 
arm-none-eabi-gcc "../Core/Src/main.c" -mcpu=cortex-m3 -std=gnu11 -g3 -DDEBUG -DUSE_HAL_DRIVER -DSTM32F103x6 -c -I../Core/Inc -I../Drivers/STM32F1xx_HAL_Driver/Inc -I../Drivers/STM32F1xx_HAL_Driver/Inc/Legacy -I../Drivers/CMSIS/Device/ST/STM32F1xx/Include -I../Drivers/CMSIS/Include -O0 -ffunction-sections -fdata-sections -Wall -fstack-usage -MMD -MP -MF"Core/Src/main.d" -MT"Core/Src/main.o" --specs=nano.specs -mfloat-abi=soft -mthumb -o "Core/Src/main.o"
arm-none-eabi-gcc -o "LAB2_VXL_EX2.elf" @"objects.list"   -mcpu=cortex-m3 -T"D:\STM32CubeIDE_1.7.0\STM32CubeIDE\Lab2_VXL\LAB2_VXL_EX2\STM32F103C6UX_FLASH.ld" --specs=nosys.specs -Wl,-Map="LAB2_VXL_EX2.map" -Wl,--gc-sections -static --specs=nano.specs -mfloat-abi=soft -mthumb -Wl,--start-group -lc -lm -Wl,--end-group
Finished building target: LAB2_VXL_EX2.elf
 
arm-none-eabi-size   LAB2_VXL_EX2.elf 
arm-none-eabi-objdump -h -S  LAB2_VXL_EX2.elf  > "LAB2_VXL_EX2.list"
arm-none-eabi-objcopy  -O ihex  LAB2_VXL_EX2.elf  "LAB2_VXL_EX2.hex"
arm-none-eabi-objcopy  -O binary  LAB2_VXL_EX2.elf  "LAB2_VXL_EX2.bin"
   text	   data	    bss	    dec	    hex	filename
   7272	     20	   1652	   8944	   22f0	LAB2_VXL_EX2.elf
Finished building: default.size.stdout
Finished building: LAB2_VXL_EX2.hex
 
Finished building: LAB2_VXL_EX2.bin
 
Finished building: LAB2_VXL_EX2.list
 
 
13:03:35 **** Incremental Build of configuration Debug for project LAB2_VXL_EX2 ****
make -j4 all 
arm-none-eabi-gcc "../Core/Src/main.c" -mcpu=cortex-m3 -std=gnu11 -g3 -DDEBUG -DUSE_HAL_DRIVER -DSTM32F103x6 -c -I../Core/Inc -I../Drivers/STM32F1xx_HAL_Driver/Inc -I../Drivers/STM32F1xx_HAL_Driver/Inc/Legacy -I../Drivers/CMSIS/Device/ST/STM32F1xx/Include -I../Drivers/CMSIS/Include -O0 -ffunction-sections -fdata-sections -Wall -fstack-usage -MMD -MP -MF"Core/Src/main.d" -MT"Core/Src/main.o" --specs=nano.specs -mfloat-abi=soft -mthumb -o "Core/Src/main.o"
arm-none-eabi-gcc -o "LAB2_VXL_EX2.elf" @"objects.list"   -mcpu=cortex-m3 -T"D:\STM32CubeIDE_1.7.0\STM32CubeIDE\Lab2_VXL\LAB2_VXL_EX2\STM32F103C6UX_FLASH.ld" --specs=nosys.specs -Wl,-Map="LAB2_VXL_EX2.map" -Wl,--gc-sections -static --specs=nano.specs -mfloat-abi=soft -mthumb -Wl,--start-group -lc -lm -Wl,--end-group
Finished building target: LAB2_VXL_EX2.elf
 
arm-none-eabi-size   LAB2_VXL_EX2.elf 
arm-none-eabi-objdump -h -S  LAB2_VXL_EX2.elf  > "LAB2_VXL_EX2.list"
arm-none-eabi-objcopy  -O ihex  LAB2_VXL_EX2.elf  "LAB2_VXL_EX2.hex"
arm-none-eabi-objcopy  -O binary  LAB2_VXL_EX2.elf  "LAB2_VXL_EX2.bin"
   text	   data	    bss	    dec	    hex	filename
   7236	     20	   1652	   8908	   22cc	LAB2_VXL_EX2.elf
Finished building: default.size.stdout
Finished building: LAB2_VXL_EX2.bin
Finished building: LAB2_VXL_EX2.hex
 
Finished building: LAB2_VXL_EX2.list
 
 
 
13:06:34 **** Incremental Build of configuration Debug for project LAB2_VXL_EX2 ****
make -j4 all 
arm-none-eabi-gcc "../Core/Src/main.c" -mcpu=cortex-m3 -std=gnu11 -g3 -DDEBUG -DUSE_HAL_DRIVER -DSTM32F103x6 -c -I../Core/Inc -I../Drivers/STM32F1xx_HAL_Driver/Inc -I../Drivers/STM32F1xx_HAL_Driver/Inc/Legacy -I../Drivers/CMSIS/Device/ST/STM32F1xx/Include -I../Drivers/CMSIS/Include -O0 -ffunction-sections -fdata-sections -Wall -fstack-usage -MMD -MP -MF"Core/Src/main.d" -MT"Core/Src/main.o" --specs=nano.specs -mfloat-abi=soft -mthumb -o "Core/Src/main.o"
arm-none-eabi-gcc -o "LAB2_VXL_EX2.elf" @"objects.list"   -mcpu=cortex-m3 -T"D:\STM32CubeIDE_1.7.0\STM32CubeIDE\Lab2_VXL\LAB2_VXL_EX2\STM32F103C6UX_FLASH.ld" --specs=nosys.specs -Wl,-Map="LAB2_VXL_EX2.map" -Wl,--gc-sections -static --specs=nano.specs -mfloat-abi=soft -mthumb -Wl,--start-group -lc -lm -Wl,--end-group
Finished building target: LAB2_VXL_EX2.elf
 
arm-none-eabi-size   LAB2_VXL_EX2.elf 
arm-none-eabi-objdump -h -S  LAB2_VXL_EX2.elf  > "LAB2_VXL_EX2.list"
arm-none-eabi-objcopy  -O ihex  LAB2_VXL_EX2.elf  "LAB2_VXL_EX2.hex"
arm-none-eabi-objcopy  -O binary  LAB2_VXL_EX2.elf  "LAB2_VXL_EX2.bin"
   text	   data	    bss	    dec	    hex	filename
   7264	     20	   1652	   8936	   22e8	LAB2_VXL_EX2.elf
Finished building: default.size.stdout
 
Finished building: LAB2_VXL_EX2.bin
Finished building: LAB2_VXL_EX2.hex
 
 
Finished building: LAB2_VXL_EX2.list
 
13:09:33 **** Clean-only build of configuration Debug for project Lab2_VXL_Ex1 ****
make -j4 clean 
rm -rf  Lab2_VXL_Ex1.hex  default.size.stdout  Lab2_VXL_Ex1.list  Lab2_VXL_Ex1.elf  ./Drivers/STM32F1xx_HAL_Driver/Src/stm32f1xx_hal.o ./Drivers/STM32F1xx_HAL_Driver/Src/stm32f1xx_hal_cortex.o ./Drivers/STM32F1xx_HAL_Driver/Src/stm32f1xx_hal_dma.o ./Drivers/STM32F1xx_HAL_Driver/Src/stm32f1xx_hal_exti.o ./Drivers/STM32F1xx_HAL_Driver/Src/stm32f1xx_hal_flash.o ./Drivers/STM32F1xx_HAL_Driver/Src/stm32f1xx_hal_flash_ex.o ./Drivers/STM32F1xx_HAL_Driver/Src/stm32f1xx_hal_gpio.o ./Drivers/STM32F1xx_HAL_Driver/Src/stm32f1xx_hal_gpio_ex.o ./Drivers/STM32F1xx_HAL_Driver/Src/stm32f1xx_hal_pwr.o ./Drivers/STM32F1xx_HAL_Driver/Src/stm32f1xx_hal_rcc.o ./Drivers/STM32F1xx_HAL_Driver/Src/stm32f1xx_hal_rcc_ex.o ./Drivers/STM32F1xx_HAL_Driver/Src/stm32f1xx_hal_tim.o ./Drivers/STM32F1xx_HAL_Driver/Src/stm32f1xx_hal_tim_ex.o  ./Core/Startup/startup_stm32f103c6ux.o  ./Core/Src/main.o ./Core/Src/stm32f1xx_hal_msp.o ./Core/Src/stm32f1xx_it.o ./Core/Src/syscalls.o ./Core/Src/sysmem.o ./Core/Src/system_stm32f1xx.o  ./Core/Startup/startup_stm32f103c6ux.d  ./Drivers/STM32F1xx_HAL_Driver/Src/stm32f1xx_hal.d ./Drivers/STM32F1xx_HAL_Driver/Src/stm32f1xx_hal_cortex.d ./Drivers/STM32F1xx_HAL_Driver/Src/stm32f1xx_hal_dma.d ./Drivers/STM32F1xx_HAL_Driver/Src/stm32f1xx_hal_exti.d ./Drivers/STM32F1xx_HAL_Driver/Src/stm32f1xx_hal_flash.d ./Drivers/STM32F1xx_HAL_Driver/Src/stm32f1xx_hal_flash_ex.d ./Drivers/STM32F1xx_HAL_Driver/Src/stm32f1xx_hal_gpio.d ./Drivers/STM32F1xx_HAL_Driver/Src/stm32f1xx_hal_gpio_ex.d ./Drivers/STM32F1xx_HAL_Driver/Src/stm32f1xx_hal_pwr.d ./Drivers/STM32F1xx_HAL_Driver/Src/stm32f1xx_hal_rcc.d ./Drivers/STM32F1xx_HAL_Driver/Src/stm32f1xx_hal_rcc_ex.d ./Drivers/STM32F1xx_HAL_Driver/Src/stm32f1xx_hal_tim.d ./Drivers/STM32F1xx_HAL_Driver/Src/stm32f1xx_hal_tim_ex.d  ./Core/Src/main.d ./Core/Src/stm32f1xx_hal_msp.d ./Core/Src/stm32f1xx_it.d ./Core/Src/syscalls.d ./Core/Src/sysmem.d ./Core/Src/system_stm32f1xx.d  Lab2_VXL_Ex1.bin  Lab2_VXL_Ex1.elf
 
13:09:33 **** Build of configuration Debug for project Lab2_VXL_Ex1 ****
make -j4 all 
arm-none-eabi-gcc "../Drivers/STM32F1xx_HAL_Driver/Src/stm32f1xx_hal.c" -mcpu=cortex-m3 -std=gnu11 -g3 -DDEBUG -DUSE_HAL_DRIVER -DSTM32F103x6 -c -I../Core/Inc -I../Drivers/STM32F1xx_HAL_Driver/Inc -I../Drivers/STM32F1xx_HAL_Driver/Inc/Legacy -I../Drivers/CMSIS/Device/ST/STM32F1xx/Include -I../Drivers/CMSIS/Include -O0 -ffunction-sections -fdata-sections -Wall -fstack-usage -MMD -MP -MF"Drivers/STM32F1xx_HAL_Driver/Src/stm32f1xx_hal.d" -MT"Drivers/STM32F1xx_HAL_Driver/Src/stm32f1xx_hal.o" --specs=nano.specs -mfloat-abi=soft -mthumb -o "Drivers/STM32F1xx_HAL_Driver/Src/stm32f1xx_hal.o"
arm-none-eabi-gcc "../Drivers/STM32F1xx_HAL_Driver/Src/stm32f1xx_hal_cortex.c" -mcpu=cortex-m3 -std=gnu11 -g3 -DDEBUG -DUSE_HAL_DRIVER -DSTM32F103x6 -c -I../Core/Inc -I../Drivers/STM32F1xx_HAL_Driver/Inc -I../Drivers/STM32F1xx_HAL_Driver/Inc/Legacy -I../Drivers/CMSIS/Device/ST/STM32F1xx/Include -I../Drivers/CMSIS/Include -O0 -ffunction-sections -fdata-sections -Wall -fstack-usage -MMD -MP -MF"Drivers/STM32F1xx_HAL_Driver/Src/stm32f1xx_hal_cortex.d" -MT"Drivers/STM32F1xx_HAL_Driver/Src/stm32f1xx_hal_cortex.o" --specs=nano.specs -mfloat-abi=soft -mthumb -o "Drivers/STM32F1xx_HAL_Driver/Src/stm32f1xx_hal_cortex.o"
arm-none-eabi-gcc "../Drivers/STM32F1xx_HAL_Driver/Src/stm32f1xx_hal_dma.c" -mcpu=cortex-m3 -std=gnu11 -g3 -DDEBUG -DUSE_HAL_DRIVER -DSTM32F103x6 -c -I../Core/Inc -I../Drivers/STM32F1xx_HAL_Driver/Inc -I../Drivers/STM32F1xx_HAL_Driver/Inc/Legacy -I../Drivers/CMSIS/Device/ST/STM32F1xx/Include -I../Drivers/CMSIS/Include -O0 -ffunction-sections -fdata-sections -Wall -fstack-usage -MMD -MP -MF"Drivers/STM32F1xx_HAL_Driver/Src/stm32f1xx_hal_dma.d" -MT"Drivers/STM32F1xx_HAL_Driver/Src/stm32f1xx_hal_dma.o" --specs=nano.specs -mfloat-abi=soft -mthumb -o "Drivers/STM32F1xx_HAL_Driver/Src/stm32f1xx_hal_dma.o"
arm-none-eabi-gcc "../Drivers/STM32F1xx_HAL_Driver/Src/stm32f1xx_hal_exti.c" -mcpu=cortex-m3 -std=gnu11 -g3 -DDEBUG -DUSE_HAL_DRIVER -DSTM32F103x6 -c -I../Core/Inc -I../Drivers/STM32F1xx_HAL_Driver/Inc -I../Drivers/STM32F1xx_HAL_Driver/Inc/Legacy -I../Drivers/CMSIS/Device/ST/STM32F1xx/Include -I../Drivers/CMSIS/Include -O0 -ffunction-sections -fdata-sections -Wall -fstack-usage -MMD -MP -MF"Drivers/STM32F1xx_HAL_Driver/Src/stm32f1xx_hal_exti.d" -MT"Drivers/STM32F1xx_HAL_Driver/Src/stm32f1xx_hal_exti.o" --specs=nano.specs -mfloat-abi=soft -mthumb -o "Drivers/STM32F1xx_HAL_Driver/Src/stm32f1xx_hal_exti.o"
arm-none-eabi-gcc "../Drivers/STM32F1xx_HAL_Driver/Src/stm32f1xx_hal_flash.c" -mcpu=cortex-m3 -std=gnu11 -g3 -DDEBUG -DUSE_HAL_DRIVER -DSTM32F103x6 -c -I../Core/Inc -I../Drivers/STM32F1xx_HAL_Driver/Inc -I../Drivers/STM32F1xx_HAL_Driver/Inc/Legacy -I../Drivers/CMSIS/Device/ST/STM32F1xx/Include -I../Drivers/CMSIS/Include -O0 -ffunction-sections -fdata-sections -Wall -fstack-usage -MMD -MP -MF"Drivers/STM32F1xx_HAL_Driver/Src/stm32f1xx_hal_flash.d" -MT"Drivers/STM32F1xx_HAL_Driver/Src/stm32f1xx_hal_flash.o" --specs=nano.specs -mfloat-abi=soft -mthumb -o "Drivers/STM32F1xx_HAL_Driver/Src/stm32f1xx_hal_flash.o"
arm-none-eabi-gcc "../Drivers/STM32F1xx_HAL_Driver/Src/stm32f1xx_hal_flash_ex.c" -mcpu=cortex-m3 -std=gnu11 -g3 -DDEBUG -DUSE_HAL_DRIVER -DSTM32F103x6 -c -I../Core/Inc -I../Drivers/STM32F1xx_HAL_Driver/Inc -I../Drivers/STM32F1xx_HAL_Driver/Inc/Legacy -I../Drivers/CMSIS/Device/ST/STM32F1xx/Include -I../Drivers/CMSIS/Include -O0 -ffunction-sections -fdata-sections -Wall -fstack-usage -MMD -MP -MF"Drivers/STM32F1xx_HAL_Driver/Src/stm32f1xx_hal_flash_ex.d" -MT"Drivers/STM32F1xx_HAL_Driver/Src/stm32f1xx_hal_flash_ex.o" --specs=nano.specs -mfloat-abi=soft -mthumb -o "Drivers/STM32F1xx_HAL_Driver/Src/stm32f1xx_hal_flash_ex.o"
arm-none-eabi-gcc "../Drivers/STM32F1xx_HAL_Driver/Src/stm32f1xx_hal_gpio.c" -mcpu=cortex-m3 -std=gnu11 -g3 -DDEBUG -DUSE_HAL_DRIVER -DSTM32F103x6 -c -I../Core/Inc -I../Drivers/STM32F1xx_HAL_Driver/Inc -I../Drivers/STM32F1xx_HAL_Driver/Inc/Legacy -I../Drivers/CMSIS/Device/ST/STM32F1xx/Include -I../Drivers/CMSIS/Include -O0 -ffunction-sections -fdata-sections -Wall -fstack-usage -MMD -MP -MF"Drivers/STM32F1xx_HAL_Driver/Src/stm32f1xx_hal_gpio.d" -MT"Drivers/STM32F1xx_HAL_Driver/Src/stm32f1xx_hal_gpio.o" --specs=nano.specs -mfloat-abi=soft -mthumb -o "Drivers/STM32F1xx_HAL_Driver/Src/stm32f1xx_hal_gpio.o"
arm-none-eabi-gcc "../Drivers/STM32F1xx_HAL_Driver/Src/stm32f1xx_hal_gpio_ex.c" -mcpu=cortex-m3 -std=gnu11 -g3 -DDEBUG -DUSE_HAL_DRIVER -DSTM32F103x6 -c -I../Core/Inc -I../Drivers/STM32F1xx_HAL_Driver/Inc -I../Drivers/STM32F1xx_HAL_Driver/Inc/Legacy -I../Drivers/CMSIS/Device/ST/STM32F1xx/Include -I../Drivers/CMSIS/Include -O0 -ffunction-sections -fdata-sections -Wall -fstack-usage -MMD -MP -MF"Drivers/STM32F1xx_HAL_Driver/Src/stm32f1xx_hal_gpio_ex.d" -MT"Drivers/STM32F1xx_HAL_Driver/Src/stm32f1xx_hal_gpio_ex.o" --specs=nano.specs -mfloat-abi=soft -mthumb -o "Drivers/STM32F1xx_HAL_Driver/Src/stm32f1xx_hal_gpio_ex.o"
arm-none-eabi-gcc "../Drivers/STM32F1xx_HAL_Driver/Src/stm32f1xx_hal_pwr.c" -mcpu=cortex-m3 -std=gnu11 -g3 -DDEBUG -DUSE_HAL_DRIVER -DSTM32F103x6 -c -I../Core/Inc -I../Drivers/STM32F1xx_HAL_Driver/Inc -I../Drivers/STM32F1xx_HAL_Driver/Inc/Legacy -I../Drivers/CMSIS/Device/ST/STM32F1xx/Include -I../Drivers/CMSIS/Include -O0 -ffunction-sections -fdata-sections -Wall -fstack-usage -MMD -MP -MF"Drivers/STM32F1xx_HAL_Driver/Src/stm32f1xx_hal_pwr.d" -MT"Drivers/STM32F1xx_HAL_Driver/Src/stm32f1xx_hal_pwr.o" --specs=nano.specs -mfloat-abi=soft -mthumb -o "Drivers/STM32F1xx_HAL_Driver/Src/stm32f1xx_hal_pwr.o"
arm-none-eabi-gcc "../Drivers/STM32F1xx_HAL_Driver/Src/stm32f1xx_hal_rcc.c" -mcpu=cortex-m3 -std=gnu11 -g3 -DDEBUG -DUSE_HAL_DRIVER -DSTM32F103x6 -c -I../Core/Inc -I../Drivers/STM32F1xx_HAL_Driver/Inc -I../Drivers/STM32F1xx_HAL_Driver/Inc/Legacy -I../Drivers/CMSIS/Device/ST/STM32F1xx/Include -I../Drivers/CMSIS/Include -O0 -ffunction-sections -fdata-sections -Wall -fstack-usage -MMD -MP -MF"Drivers/STM32F1xx_HAL_Driver/Src/stm32f1xx_hal_rcc.d" -MT"Drivers/STM32F1xx_HAL_Driver/Src/stm32f1xx_hal_rcc.o" --specs=nano.specs -mfloat-abi=soft -mthumb -o "Drivers/STM32F1xx_HAL_Driver/Src/stm32f1xx_hal_rcc.o"
arm-none-eabi-gcc "../Drivers/STM32F1xx_HAL_Driver/Src/stm32f1xx_hal_rcc_ex.c" -mcpu=cortex-m3 -std=gnu11 -g3 -DDEBUG -DUSE_HAL_DRIVER -DSTM32F103x6 -c -I../Core/Inc -I../Drivers/STM32F1xx_HAL_Driver/Inc -I../Drivers/STM32F1xx_HAL_Driver/Inc/Legacy -I../Drivers/CMSIS/Device/ST/STM32F1xx/Include -I../Drivers/CMSIS/Include -O0 -ffunction-sections -fdata-sections -Wall -fstack-usage -MMD -MP -MF"Drivers/STM32F1xx_HAL_Driver/Src/stm32f1xx_hal_rcc_ex.d" -MT"Drivers/STM32F1xx_HAL_Driver/Src/stm32f1xx_hal_rcc_ex.o" --specs=nano.specs -mfloat-abi=soft -mthumb -o "Drivers/STM32F1xx_HAL_Driver/Src/stm32f1xx_hal_rcc_ex.o"
arm-none-eabi-gcc "../Drivers/STM32F1xx_HAL_Driver/Src/stm32f1xx_hal_tim.c" -mcpu=cortex-m3 -std=gnu11 -g3 -DDEBUG -DUSE_HAL_DRIVER -DSTM32F103x6 -c -I../Core/Inc -I../Drivers/STM32F1xx_HAL_Driver/Inc -I../Drivers/STM32F1xx_HAL_Driver/Inc/Legacy -I../Drivers/CMSIS/Device/ST/STM32F1xx/Include -I../Drivers/CMSIS/Include -O0 -ffunction-sections -fdata-sections -Wall -fstack-usage -MMD -MP -MF"Drivers/STM32F1xx_HAL_Driver/Src/stm32f1xx_hal_tim.d" -MT"Drivers/STM32F1xx_HAL_Driver/Src/stm32f1xx_hal_tim.o" --specs=nano.specs -mfloat-abi=soft -mthumb -o "Drivers/STM32F1xx_HAL_Driver/Src/stm32f1xx_hal_tim.o"
arm-none-eabi-gcc "../Drivers/STM32F1xx_HAL_Driver/Src/stm32f1xx_hal_tim_ex.c" -mcpu=cortex-m3 -std=gnu11 -g3 -DDEBUG -DUSE_HAL_DRIVER -DSTM32F103x6 -c -I../Core/Inc -I../Drivers/STM32F1xx_HAL_Driver/Inc -I../Drivers/STM32F1xx_HAL_Driver/Inc/Legacy -I../Drivers/CMSIS/Device/ST/STM32F1xx/Include -I../Drivers/CMSIS/Include -O0 -ffunction-sections -fdata-sections -Wall -fstack-usage -MMD -MP -MF"Drivers/STM32F1xx_HAL_Driver/Src/stm32f1xx_hal_tim_ex.d" -MT"Drivers/STM32F1xx_HAL_Driver/Src/stm32f1xx_hal_tim_ex.o" --specs=nano.specs -mfloat-abi=soft -mthumb -o "Drivers/STM32F1xx_HAL_Driver/Src/stm32f1xx_hal_tim_ex.o"
arm-none-eabi-gcc -mcpu=cortex-m3 -g3 -DDEBUG -c -x assembler-with-cpp -MMD -MP -MF"Core/Startup/startup_stm32f103c6ux.d" -MT"Core/Startup/startup_stm32f103c6ux.o" --specs=nano.specs -mfloat-abi=soft -mthumb -o "Core/Startup/startup_stm32f103c6ux.o" "../Core/Startup/startup_stm32f103c6ux.s"
arm-none-eabi-gcc "../Core/Src/main.c" -mcpu=cortex-m3 -std=gnu11 -g3 -DDEBUG -DUSE_HAL_DRIVER -DSTM32F103x6 -c -I../Core/Inc -I../Drivers/STM32F1xx_HAL_Driver/Inc -I../Drivers/STM32F1xx_HAL_Driver/Inc/Legacy -I../Drivers/CMSIS/Device/ST/STM32F1xx/Include -I../Drivers/CMSIS/Include -O0 -ffunction-sections -fdata-sections -Wall -fstack-usage -MMD -MP -MF"Core/Src/main.d" -MT"Core/Src/main.o" --specs=nano.specs -mfloat-abi=soft -mthumb -o "Core/Src/main.o"
../Core/Src/main.c: In function 'HAL_TIM_PeriodElapsedCallback':
../Core/Src/main.c:245:27: error: 'EN2_GPIO_Port' undeclared (first use in this function); did you mean 'EN0_GPIO_Port'?
  245 |         HAL_GPIO_WritePin(EN2_GPIO_Port, EN2_Pin, GPIO_PIN_SET);
      |                           ^~~~~~~~~~~~~
      |                           EN0_GPIO_Port
../Core/Src/main.c:245:27: note: each undeclared identifier is reported only once for each function it appears in
../Core/Src/main.c:245:42: error: 'EN2_Pin' undeclared (first use in this function); did you mean 'EN0_Pin'?
  245 |         HAL_GPIO_WritePin(EN2_GPIO_Port, EN2_Pin, GPIO_PIN_SET);
      |                                          ^~~~~~~
      |                                          EN0_Pin
../Core/Src/main.c:246:27: error: 'EN3_GPIO_Port' undeclared (first use in this function); did you mean 'EN0_GPIO_Port'?
  246 |         HAL_GPIO_WritePin(EN3_GPIO_Port, EN3_Pin, GPIO_PIN_SET);
      |                           ^~~~~~~~~~~~~
      |                           EN0_GPIO_Port
../Core/Src/main.c:246:42: error: 'EN3_Pin' undeclared (first use in this function); did you mean 'EN0_Pin'?
  246 |         HAL_GPIO_WritePin(EN3_GPIO_Port, EN3_Pin, GPIO_PIN_SET);
      |                                          ^~~~~~~
      |                                          EN0_Pin
make: *** [Core/Src/subdir.mk:34: Core/Src/main.o] Error 1
make: *** Waiting for unfinished jobs....
"make -j4 all" terminated with exit code 2. Build might be incomplete.
13:09:58 **** Incremental Build of configuration Debug for project Lab2_VXL_Ex1 ****
make -j4 all 
arm-none-eabi-gcc "../Core/Src/main.c" -mcpu=cortex-m3 -std=gnu11 -g3 -DDEBUG -DUSE_HAL_DRIVER -DSTM32F103x6 -c -I../Core/Inc -I../Drivers/STM32F1xx_HAL_Driver/Inc -I../Drivers/STM32F1xx_HAL_Driver/Inc/Legacy -I../Drivers/CMSIS/Device/ST/STM32F1xx/Include -I../Drivers/CMSIS/Include -O0 -ffunction-sections -fdata-sections -Wall -fstack-usage -MMD -MP -MF"Core/Src/main.d" -MT"Core/Src/main.o" --specs=nano.specs -mfloat-abi=soft -mthumb -o "Core/Src/main.o"
arm-none-eabi-gcc "../Core/Src/stm32f1xx_hal_msp.c" -mcpu=cortex-m3 -std=gnu11 -g3 -DDEBUG -DUSE_HAL_DRIVER -DSTM32F103x6 -c -I../Core/Inc -I../Drivers/STM32F1xx_HAL_Driver/Inc -I../Drivers/STM32F1xx_HAL_Driver/Inc/Legacy -I../Drivers/CMSIS/Device/ST/STM32F1xx/Include -I../Drivers/CMSIS/Include -O0 -ffunction-sections -fdata-sections -Wall -fstack-usage -MMD -MP -MF"Core/Src/stm32f1xx_hal_msp.d" -MT"Core/Src/stm32f1xx_hal_msp.o" --specs=nano.specs -mfloat-abi=soft -mthumb -o "Core/Src/stm32f1xx_hal_msp.o"
arm-none-eabi-gcc "../Core/Src/stm32f1xx_it.c" -mcpu=cortex-m3 -std=gnu11 -g3 -DDEBUG -DUSE_HAL_DRIVER -DSTM32F103x6 -c -I../Core/Inc -I../Drivers/STM32F1xx_HAL_Driver/Inc -I../Drivers/STM32F1xx_HAL_Driver/Inc/Legacy -I../Drivers/CMSIS/Device/ST/STM32F1xx/Include -I../Drivers/CMSIS/Include -O0 -ffunction-sections -fdata-sections -Wall -fstack-usage -MMD -MP -MF"Core/Src/stm32f1xx_it.d" -MT"Core/Src/stm32f1xx_it.o" --specs=nano.specs -mfloat-abi=soft -mthumb -o "Core/Src/stm32f1xx_it.o"
arm-none-eabi-gcc "../Core/Src/syscalls.c" -mcpu=cortex-m3 -std=gnu11 -g3 -DDEBUG -DUSE_HAL_DRIVER -DSTM32F103x6 -c -I../Core/Inc -I../Drivers/STM32F1xx_HAL_Driver/Inc -I../Drivers/STM32F1xx_HAL_Driver/Inc/Legacy -I../Drivers/CMSIS/Device/ST/STM32F1xx/Include -I../Drivers/CMSIS/Include -O0 -ffunction-sections -fdata-sections -Wall -fstack-usage -MMD -MP -MF"Core/Src/syscalls.d" -MT"Core/Src/syscalls.o" --specs=nano.specs -mfloat-abi=soft -mthumb -o "Core/Src/syscalls.o"
arm-none-eabi-gcc "../Core/Src/sysmem.c" -mcpu=cortex-m3 -std=gnu11 -g3 -DDEBUG -DUSE_HAL_DRIVER -DSTM32F103x6 -c -I../Core/Inc -I../Drivers/STM32F1xx_HAL_Driver/Inc -I../Drivers/STM32F1xx_HAL_Driver/Inc/Legacy -I../Drivers/CMSIS/Device/ST/STM32F1xx/Include -I../Drivers/CMSIS/Include -O0 -ffunction-sections -fdata-sections -Wall -fstack-usage -MMD -MP -MF"Core/Src/sysmem.d" -MT"Core/Src/sysmem.o" --specs=nano.specs -mfloat-abi=soft -mthumb -o "Core/Src/sysmem.o"
arm-none-eabi-gcc "../Core/Src/system_stm32f1xx.c" -mcpu=cortex-m3 -std=gnu11 -g3 -DDEBUG -DUSE_HAL_DRIVER -DSTM32F103x6 -c -I../Core/Inc -I../Drivers/STM32F1xx_HAL_Driver/Inc -I../Drivers/STM32F1xx_HAL_Driver/Inc/Legacy -I../Drivers/CMSIS/Device/ST/STM32F1xx/Include -I../Drivers/CMSIS/Include -O0 -ffunction-sections -fdata-sections -Wall -fstack-usage -MMD -MP -MF"Core/Src/system_stm32f1xx.d" -MT"Core/Src/system_stm32f1xx.o" --specs=nano.specs -mfloat-abi=soft -mthumb -o "Core/Src/system_stm32f1xx.o"
arm-none-eabi-gcc -o "Lab2_VXL_Ex1.elf" @"objects.list"   -mcpu=cortex-m3 -T"D:\STM32CubeIDE_1.7.0\STM32CubeIDE\Lab2_VXL\Lab2_VXL_Ex1\STM32F103C6UX_FLASH.ld" --specs=nosys.specs -Wl,-Map="Lab2_VXL_Ex1.map" -Wl,--gc-sections -static --specs=nano.specs -mfloat-abi=soft -mthumb -Wl,--start-group -lc -lm -Wl,--end-group
Finished building target: Lab2_VXL_Ex1.elf
 
arm-none-eabi-size   Lab2_VXL_Ex1.elf 
arm-none-eabi-objdump -h -S  Lab2_VXL_Ex1.elf  > "Lab2_VXL_Ex1.list"
arm-none-eabi-objcopy  -O ihex  Lab2_VXL_Ex1.elf  "Lab2_VXL_Ex1.hex"
arm-none-eabi-objcopy  -O binary  Lab2_VXL_Ex1.elf  "Lab2_VXL_Ex1.bin"
   text	   data	    bss	    dec	    hex	filename
   7052	     20	   1652	   8724	   2214	Lab2_VXL_Ex1.elf
Finished building: default.size.stdout
Finished building: Lab2_VXL_Ex1.hex
 
Finished building: Lab2_VXL_Ex1.bin
 
 
Finished building: Lab2_VXL_Ex1.list
 
13:10:14 **** Incremental Build of configuration Debug for project LAB2_VXL_EX2 ****
make -j4 all 
arm-none-eabi-gcc "../Core/Src/main.c" -mcpu=cortex-m3 -std=gnu11 -g3 -DDEBUG -DUSE_HAL_DRIVER -DSTM32F103x6 -c -I../Core/Inc -I../Drivers/STM32F1xx_HAL_Driver/Inc -I../Drivers/STM32F1xx_HAL_Driver/Inc/Legacy -I../Drivers/CMSIS/Device/ST/STM32F1xx/Include -I../Drivers/CMSIS/Include -O0 -ffunction-sections -fdata-sections -Wall -fstack-usage -MMD -MP -MF"Core/Src/main.d" -MT"Core/Src/main.o" --specs=nano.specs -mfloat-abi=soft -mthumb -o "Core/Src/main.o"
arm-none-eabi-gcc -o "LAB2_VXL_EX2.elf" @"objects.list"   -mcpu=cortex-m3 -T"D:\STM32CubeIDE_1.7.0\STM32CubeIDE\Lab2_VXL\LAB2_VXL_EX2\STM32F103C6UX_FLASH.ld" --specs=nosys.specs -Wl,-Map="LAB2_VXL_EX2.map" -Wl,--gc-sections -static --specs=nano.specs -mfloat-abi=soft -mthumb -Wl,--start-group -lc -lm -Wl,--end-group
Finished building target: LAB2_VXL_EX2.elf
 
arm-none-eabi-size   LAB2_VXL_EX2.elf 
arm-none-eabi-objdump -h -S  LAB2_VXL_EX2.elf  > "LAB2_VXL_EX2.list"
arm-none-eabi-objcopy  -O ihex  LAB2_VXL_EX2.elf  "LAB2_VXL_EX2.hex"
arm-none-eabi-objcopy  -O binary  LAB2_VXL_EX2.elf  "LAB2_VXL_EX2.bin"
   text	   data	    bss	    dec	    hex	filename
   7084	     20	   1652	   8756	   2234	LAB2_VXL_EX2.elf
Finished building: default.size.stdout
 
Finished building: LAB2_VXL_EX2.bin
Finished building: LAB2_VXL_EX2.hex
Finished building: LAB2_VXL_EX2.list
 
 
 
13:11:44 **** Incremental Build of configuration Debug for project LAB2_VXL_EX2 ****
make -j4 all 
arm-none-eabi-gcc "../Core/Src/main.c" -mcpu=cortex-m3 -std=gnu11 -g3 -DDEBUG -DUSE_HAL_DRIVER -DSTM32F103x6 -c -I../Core/Inc -I../Drivers/STM32F1xx_HAL_Driver/Inc -I../Drivers/STM32F1xx_HAL_Driver/Inc/Legacy -I../Drivers/CMSIS/Device/ST/STM32F1xx/Include -I../Drivers/CMSIS/Include -O0 -ffunction-sections -fdata-sections -Wall -fstack-usage -MMD -MP -MF"Core/Src/main.d" -MT"Core/Src/main.o" --specs=nano.specs -mfloat-abi=soft -mthumb -o "Core/Src/main.o"
arm-none-eabi-gcc -o "LAB2_VXL_EX2.elf" @"objects.list"   -mcpu=cortex-m3 -T"D:\STM32CubeIDE_1.7.0\STM32CubeIDE\Lab2_VXL\LAB2_VXL_EX2\STM32F103C6UX_FLASH.ld" --specs=nosys.specs -Wl,-Map="LAB2_VXL_EX2.map" -Wl,--gc-sections -static --specs=nano.specs -mfloat-abi=soft -mthumb -Wl,--start-group -lc -lm -Wl,--end-group
Finished building target: LAB2_VXL_EX2.elf
 
arm-none-eabi-size   LAB2_VXL_EX2.elf 
arm-none-eabi-objdump -h -S  LAB2_VXL_EX2.elf  > "LAB2_VXL_EX2.list"
arm-none-eabi-objcopy  -O ihex  LAB2_VXL_EX2.elf  "LAB2_VXL_EX2.hex"
arm-none-eabi-objcopy  -O binary  LAB2_VXL_EX2.elf  "LAB2_VXL_EX2.bin"
   text	   data	    bss	    dec	    hex	filename
   7160	     20	   1652	   8832	   2280	LAB2_VXL_EX2.elf
Finished building: default.size.stdout
 
Finished building: LAB2_VXL_EX2.bin
Finished building: LAB2_VXL_EX2.hex
Finished building: LAB2_VXL_EX2.list
 
 
 
13:12:49 **** Incremental Build of configuration Debug for project LAB2_VXL_EX2 ****
make -j4 all 
arm-none-eabi-gcc "../Core/Src/main.c" -mcpu=cortex-m3 -std=gnu11 -g3 -DDEBUG -DUSE_HAL_DRIVER -DSTM32F103x6 -c -I../Core/Inc -I../Drivers/STM32F1xx_HAL_Driver/Inc -I../Drivers/STM32F1xx_HAL_Driver/Inc/Legacy -I../Drivers/CMSIS/Device/ST/STM32F1xx/Include -I../Drivers/CMSIS/Include -O0 -ffunction-sections -fdata-sections -Wall -fstack-usage -MMD -MP -MF"Core/Src/main.d" -MT"Core/Src/main.o" --specs=nano.specs -mfloat-abi=soft -mthumb -o "Core/Src/main.o"
arm-none-eabi-gcc -o "LAB2_VXL_EX2.elf" @"objects.list"   -mcpu=cortex-m3 -T"D:\STM32CubeIDE_1.7.0\STM32CubeIDE\Lab2_VXL\LAB2_VXL_EX2\STM32F103C6UX_FLASH.ld" --specs=nosys.specs -Wl,-Map="LAB2_VXL_EX2.map" -Wl,--gc-sections -static --specs=nano.specs -mfloat-abi=soft -mthumb -Wl,--start-group -lc -lm -Wl,--end-group
Finished building target: LAB2_VXL_EX2.elf
 
arm-none-eabi-size   LAB2_VXL_EX2.elf 
arm-none-eabi-objdump -h -S  LAB2_VXL_EX2.elf  > "LAB2_VXL_EX2.list"
arm-none-eabi-objcopy  -O ihex  LAB2_VXL_EX2.elf  "LAB2_VXL_EX2.hex"
arm-none-eabi-objcopy  -O binary  LAB2_VXL_EX2.elf  "LAB2_VXL_EX2.bin"
   text	   data	    bss	    dec	    hex	filename
   7160	     20	   1652	   8832	   2280	LAB2_VXL_EX2.elf
Finished building: default.size.stdout
 
Finished building: LAB2_VXL_EX2.bin
Finished building: LAB2_VXL_EX2.hex
 
Finished building: LAB2_VXL_EX2.list
 
 
13:14:44 **** Incremental Build of configuration Debug for project LAB2_VXL_EX2 ****
make -j4 all 
arm-none-eabi-gcc "../Core/Src/main.c" -mcpu=cortex-m3 -std=gnu11 -g3 -DDEBUG -DUSE_HAL_DRIVER -DSTM32F103x6 -c -I../Core/Inc -I../Drivers/STM32F1xx_HAL_Driver/Inc -I../Drivers/STM32F1xx_HAL_Driver/Inc/Legacy -I../Drivers/CMSIS/Device/ST/STM32F1xx/Include -I../Drivers/CMSIS/Include -O0 -ffunction-sections -fdata-sections -Wall -fstack-usage -MMD -MP -MF"Core/Src/main.d" -MT"Core/Src/main.o" --specs=nano.specs -mfloat-abi=soft -mthumb -o "Core/Src/main.o"
arm-none-eabi-gcc -o "LAB2_VXL_EX2.elf" @"objects.list"   -mcpu=cortex-m3 -T"D:\STM32CubeIDE_1.7.0\STM32CubeIDE\Lab2_VXL\LAB2_VXL_EX2\STM32F103C6UX_FLASH.ld" --specs=nosys.specs -Wl,-Map="LAB2_VXL_EX2.map" -Wl,--gc-sections -static --specs=nano.specs -mfloat-abi=soft -mthumb -Wl,--start-group -lc -lm -Wl,--end-group
Finished building target: LAB2_VXL_EX2.elf
 
arm-none-eabi-size   LAB2_VXL_EX2.elf 
arm-none-eabi-objdump -h -S  LAB2_VXL_EX2.elf  > "LAB2_VXL_EX2.list"
arm-none-eabi-objcopy  -O ihex  LAB2_VXL_EX2.elf  "LAB2_VXL_EX2.hex"
   text	   data	    bss	    dec	    hex	filename
   7160	     20	   1652	   8832	   2280	LAB2_VXL_EX2.elf
arm-none-eabi-objcopy  -O binary  LAB2_VXL_EX2.elf  "LAB2_VXL_EX2.bin"
Finished building: default.size.stdout
 
Finished building: LAB2_VXL_EX2.hex
Finished building: LAB2_VXL_EX2.bin
 
Finished building: LAB2_VXL_EX2.list
 
 
13:17:43 **** Incremental Build of configuration Debug for project LAB2_VXL_EX2 ****
make -j4 all 
arm-none-eabi-gcc "../Core/Src/main.c" -mcpu=cortex-m3 -std=gnu11 -g3 -DDEBUG -DUSE_HAL_DRIVER -DSTM32F103x6 -c -I../Core/Inc -I../Drivers/STM32F1xx_HAL_Driver/Inc -I../Drivers/STM32F1xx_HAL_Driver/Inc/Legacy -I../Drivers/CMSIS/Device/ST/STM32F1xx/Include -I../Drivers/CMSIS/Include -O0 -ffunction-sections -fdata-sections -Wall -fstack-usage -MMD -MP -MF"Core/Src/main.d" -MT"Core/Src/main.o" --specs=nano.specs -mfloat-abi=soft -mthumb -o "Core/Src/main.o"
arm-none-eabi-gcc -o "LAB2_VXL_EX2.elf" @"objects.list"   -mcpu=cortex-m3 -T"D:\STM32CubeIDE_1.7.0\STM32CubeIDE\Lab2_VXL\LAB2_VXL_EX2\STM32F103C6UX_FLASH.ld" --specs=nosys.specs -Wl,-Map="LAB2_VXL_EX2.map" -Wl,--gc-sections -static --specs=nano.specs -mfloat-abi=soft -mthumb -Wl,--start-group -lc -lm -Wl,--end-group
Finished building target: LAB2_VXL_EX2.elf
 
arm-none-eabi-size   LAB2_VXL_EX2.elf 
arm-none-eabi-objdump -h -S  LAB2_VXL_EX2.elf  > "LAB2_VXL_EX2.list"
arm-none-eabi-objcopy  -O ihex  LAB2_VXL_EX2.elf  "LAB2_VXL_EX2.hex"
arm-none-eabi-objcopy  -O binary  LAB2_VXL_EX2.elf  "LAB2_VXL_EX2.bin"
   text	   data	    bss	    dec	    hex	filename
   7200	     20	   1652	   8872	   22a8	LAB2_VXL_EX2.elf
Finished building: default.size.stdout
 
Finished building: LAB2_VXL_EX2.hex
Finished building: LAB2_VXL_EX2.bin
 
 
Finished building: LAB2_VXL_EX2.list
 
13:20:22 **** Incremental Build of configuration Debug for project LAB2_VXL_EX2 ****
make -j4 all 
arm-none-eabi-gcc "../Core/Src/main.c" -mcpu=cortex-m3 -std=gnu11 -g3 -DDEBUG -DUSE_HAL_DRIVER -DSTM32F103x6 -c -I../Core/Inc -I../Drivers/STM32F1xx_HAL_Driver/Inc -I../Drivers/STM32F1xx_HAL_Driver/Inc/Legacy -I../Drivers/CMSIS/Device/ST/STM32F1xx/Include -I../Drivers/CMSIS/Include -O0 -ffunction-sections -fdata-sections -Wall -fstack-usage -MMD -MP -MF"Core/Src/main.d" -MT"Core/Src/main.o" --specs=nano.specs -mfloat-abi=soft -mthumb -o "Core/Src/main.o"
../Core/Src/main.c: In function 'HAL_TIM_PeriodElapsedCallback':
../Core/Src/main.c:253:9: warning: this 'for' clause does not guard... [-Wmisleading-indentation]
  253 |         for (volatile int i = 0; i < 2000; i++); // khoảng vài chục µs
      |         ^~~
../Core/Src/main.c:256:16: note: ...this statement, but the latter is misleadingly indented as if it were guarded by the 'for'
  256 |                for (int i = 0; i < 7; i++) {
      |                ^~~
arm-none-eabi-gcc -o "LAB2_VXL_EX2.elf" @"objects.list"   -mcpu=cortex-m3 -T"D:\STM32CubeIDE_1.7.0\STM32CubeIDE\Lab2_VXL\LAB2_VXL_EX2\STM32F103C6UX_FLASH.ld" --specs=nosys.specs -Wl,-Map="LAB2_VXL_EX2.map" -Wl,--gc-sections -static --specs=nano.specs -mfloat-abi=soft -mthumb -Wl,--start-group -lc -lm -Wl,--end-group
Finished building target: LAB2_VXL_EX2.elf
 
arm-none-eabi-size   LAB2_VXL_EX2.elf 
arm-none-eabi-objdump -h -S  LAB2_VXL_EX2.elf  > "LAB2_VXL_EX2.list"
arm-none-eabi-objcopy  -O ihex  LAB2_VXL_EX2.elf  "LAB2_VXL_EX2.hex"
arm-none-eabi-objcopy  -O binary  LAB2_VXL_EX2.elf  "LAB2_VXL_EX2.bin"
   text	   data	    bss	    dec	    hex	filename
   7220	     20	   1652	   8892	   22bc	LAB2_VXL_EX2.elf
Finished building: default.size.stdout
 
Finished building: LAB2_VXL_EX2.hex
Finished building: LAB2_VXL_EX2.bin
 
 
Finished building: LAB2_VXL_EX2.list
 
13:27:12 **** Incremental Build of configuration Debug for project LAB2_VXL_EX2 ****
make -j4 all 
arm-none-eabi-gcc "../Core/Src/main.c" -mcpu=cortex-m3 -std=gnu11 -g3 -DDEBUG -DUSE_HAL_DRIVER -DSTM32F103x6 -c -I../Core/Inc -I../Drivers/STM32F1xx_HAL_Driver/Inc -I../Drivers/STM32F1xx_HAL_Driver/Inc/Legacy -I../Drivers/CMSIS/Device/ST/STM32F1xx/Include -I../Drivers/CMSIS/Include -O0 -ffunction-sections -fdata-sections -Wall -fstack-usage -MMD -MP -MF"Core/Src/main.d" -MT"Core/Src/main.o" --specs=nano.specs -mfloat-abi=soft -mthumb -o "Core/Src/main.o"
arm-none-eabi-gcc -o "LAB2_VXL_EX2.elf" @"objects.list"   -mcpu=cortex-m3 -T"D:\STM32CubeIDE_1.7.0\STM32CubeIDE\Lab2_VXL\LAB2_VXL_EX2\STM32F103C6UX_FLASH.ld" --specs=nosys.specs -Wl,-Map="LAB2_VXL_EX2.map" -Wl,--gc-sections -static --specs=nano.specs -mfloat-abi=soft -mthumb -Wl,--start-group -lc -lm -Wl,--end-group
Finished building target: LAB2_VXL_EX2.elf
 
arm-none-eabi-size   LAB2_VXL_EX2.elf 
arm-none-eabi-objdump -h -S  LAB2_VXL_EX2.elf  > "LAB2_VXL_EX2.list"
arm-none-eabi-objcopy  -O ihex  LAB2_VXL_EX2.elf  "LAB2_VXL_EX2.hex"
arm-none-eabi-objcopy  -O binary  LAB2_VXL_EX2.elf  "LAB2_VXL_EX2.bin"
   text	   data	    bss	    dec	    hex	filename
   7200	     20	   1652	   8872	   22a8	LAB2_VXL_EX2.elf
Finished building: default.size.stdout
 
Finished building: LAB2_VXL_EX2.bin
Finished building: LAB2_VXL_EX2.hex
 
 
Finished building: LAB2_VXL_EX2.list
 
13:29:03 **** Incremental Build of configuration Debug for project LAB2_VXL_EX2 ****
make -j4 all 
arm-none-eabi-gcc "../Core/Src/main.c" -mcpu=cortex-m3 -std=gnu11 -g3 -DDEBUG -DUSE_HAL_DRIVER -DSTM32F103x6 -c -I../Core/Inc -I../Drivers/STM32F1xx_HAL_Driver/Inc -I../Drivers/STM32F1xx_HAL_Driver/Inc/Legacy -I../Drivers/CMSIS/Device/ST/STM32F1xx/Include -I../Drivers/CMSIS/Include -O0 -ffunction-sections -fdata-sections -Wall -fstack-usage -MMD -MP -MF"Core/Src/main.d" -MT"Core/Src/main.o" --specs=nano.specs -mfloat-abi=soft -mthumb -o "Core/Src/main.o"
arm-none-eabi-gcc -o "LAB2_VXL_EX2.elf" @"objects.list"   -mcpu=cortex-m3 -T"D:\STM32CubeIDE_1.7.0\STM32CubeIDE\Lab2_VXL\LAB2_VXL_EX2\STM32F103C6UX_FLASH.ld" --specs=nosys.specs -Wl,-Map="LAB2_VXL_EX2.map" -Wl,--gc-sections -static --specs=nano.specs -mfloat-abi=soft -mthumb -Wl,--start-group -lc -lm -Wl,--end-group
Finished building target: LAB2_VXL_EX2.elf
 
arm-none-eabi-size   LAB2_VXL_EX2.elf 
arm-none-eabi-objdump -h -S  LAB2_VXL_EX2.elf  > "LAB2_VXL_EX2.list"
arm-none-eabi-objcopy  -O ihex  LAB2_VXL_EX2.elf  "LAB2_VXL_EX2.hex"
arm-none-eabi-objcopy  -O binary  LAB2_VXL_EX2.elf  "LAB2_VXL_EX2.bin"
   text	   data	    bss	    dec	    hex	filename
   7200	     20	   1652	   8872	   22a8	LAB2_VXL_EX2.elf
Finished building: default.size.stdout
 
Finished building: LAB2_VXL_EX2.bin
Finished building: LAB2_VXL_EX2.hex
Finished building: LAB2_VXL_EX2.list
 
 
 
13:32:38 **** Incremental Build of configuration Debug for project LAB2_VXL_EX2 ****
make -j4 all 
arm-none-eabi-gcc "../Core/Src/main.c" -mcpu=cortex-m3 -std=gnu11 -g3 -DDEBUG -DUSE_HAL_DRIVER -DSTM32F103x6 -c -I../Core/Inc -I../Drivers/STM32F1xx_HAL_Driver/Inc -I../Drivers/STM32F1xx_HAL_Driver/Inc/Legacy -I../Drivers/CMSIS/Device/ST/STM32F1xx/Include -I../Drivers/CMSIS/Include -O0 -ffunction-sections -fdata-sections -Wall -fstack-usage -MMD -MP -MF"Core/Src/main.d" -MT"Core/Src/main.o" --specs=nano.specs -mfloat-abi=soft -mthumb -o "Core/Src/main.o"
arm-none-eabi-gcc -o "LAB2_VXL_EX2.elf" @"objects.list"   -mcpu=cortex-m3 -T"D:\STM32CubeIDE_1.7.0\STM32CubeIDE\Lab2_VXL\LAB2_VXL_EX2\STM32F103C6UX_FLASH.ld" --specs=nosys.specs -Wl,-Map="LAB2_VXL_EX2.map" -Wl,--gc-sections -static --specs=nano.specs -mfloat-abi=soft -mthumb -Wl,--start-group -lc -lm -Wl,--end-group
Finished building target: LAB2_VXL_EX2.elf
 
arm-none-eabi-size   LAB2_VXL_EX2.elf 
arm-none-eabi-objdump -h -S  LAB2_VXL_EX2.elf  > "LAB2_VXL_EX2.list"
arm-none-eabi-objcopy  -O ihex  LAB2_VXL_EX2.elf  "LAB2_VXL_EX2.hex"
arm-none-eabi-objcopy  -O binary  LAB2_VXL_EX2.elf  "LAB2_VXL_EX2.bin"
   text	   data	    bss	    dec	    hex	filename
   7220	     20	   1660	   8900	   22c4	LAB2_VXL_EX2.elf
Finished building: default.size.stdout
 
Finished building: LAB2_VXL_EX2.bin
Finished building: LAB2_VXL_EX2.hex
 
 
Finished building: LAB2_VXL_EX2.list
 
13:39:00 **** Incremental Build of configuration Debug for project LAB2_VXL_EX2 ****
make -j4 all 
arm-none-eabi-gcc "../Core/Src/main.c" -mcpu=cortex-m3 -std=gnu11 -g3 -DDEBUG -DUSE_HAL_DRIVER -DSTM32F103x6 -c -I../Core/Inc -I../Drivers/STM32F1xx_HAL_Driver/Inc -I../Drivers/STM32F1xx_HAL_Driver/Inc/Legacy -I../Drivers/CMSIS/Device/ST/STM32F1xx/Include -I../Drivers/CMSIS/Include -O0 -ffunction-sections -fdata-sections -Wall -fstack-usage -MMD -MP -MF"Core/Src/main.d" -MT"Core/Src/main.o" --specs=nano.specs -mfloat-abi=soft -mthumb -o "Core/Src/main.o"
arm-none-eabi-gcc -o "LAB2_VXL_EX2.elf" @"objects.list"   -mcpu=cortex-m3 -T"D:\STM32CubeIDE_1.7.0\STM32CubeIDE\Lab2_VXL\LAB2_VXL_EX2\STM32F103C6UX_FLASH.ld" --specs=nosys.specs -Wl,-Map="LAB2_VXL_EX2.map" -Wl,--gc-sections -static --specs=nano.specs -mfloat-abi=soft -mthumb -Wl,--start-group -lc -lm -Wl,--end-group
Finished building target: LAB2_VXL_EX2.elf
 
arm-none-eabi-size   LAB2_VXL_EX2.elf 
arm-none-eabi-objdump -h -S  LAB2_VXL_EX2.elf  > "LAB2_VXL_EX2.list"
arm-none-eabi-objcopy  -O ihex  LAB2_VXL_EX2.elf  "LAB2_VXL_EX2.hex"
arm-none-eabi-objcopy  -O binary  LAB2_VXL_EX2.elf  "LAB2_VXL_EX2.bin"
   text	   data	    bss	    dec	    hex	filename
   7300	     20	   1660	   8980	   2314	LAB2_VXL_EX2.elf
Finished building: default.size.stdout
 
Finished building: LAB2_VXL_EX2.bin
Finished building: LAB2_VXL_EX2.hex
 
 
Finished building: LAB2_VXL_EX2.list
 
13:40:00 **** Incremental Build of configuration Debug for project LAB2_VXL_EX2 ****
make -j4 all 
arm-none-eabi-gcc "../Core/Src/main.c" -mcpu=cortex-m3 -std=gnu11 -g3 -DDEBUG -DUSE_HAL_DRIVER -DSTM32F103x6 -c -I../Core/Inc -I../Drivers/STM32F1xx_HAL_Driver/Inc -I../Drivers/STM32F1xx_HAL_Driver/Inc/Legacy -I../Drivers/CMSIS/Device/ST/STM32F1xx/Include -I../Drivers/CMSIS/Include -O0 -ffunction-sections -fdata-sections -Wall -fstack-usage -MMD -MP -MF"Core/Src/main.d" -MT"Core/Src/main.o" --specs=nano.specs -mfloat-abi=soft -mthumb -o "Core/Src/main.o"
arm-none-eabi-gcc -o "LAB2_VXL_EX2.elf" @"objects.list"   -mcpu=cortex-m3 -T"D:\STM32CubeIDE_1.7.0\STM32CubeIDE\Lab2_VXL\LAB2_VXL_EX2\STM32F103C6UX_FLASH.ld" --specs=nosys.specs -Wl,-Map="LAB2_VXL_EX2.map" -Wl,--gc-sections -static --specs=nano.specs -mfloat-abi=soft -mthumb -Wl,--start-group -lc -lm -Wl,--end-group
Finished building target: LAB2_VXL_EX2.elf
 
arm-none-eabi-size   LAB2_VXL_EX2.elf 
arm-none-eabi-objdump -h -S  LAB2_VXL_EX2.elf  > "LAB2_VXL_EX2.list"
arm-none-eabi-objcopy  -O ihex  LAB2_VXL_EX2.elf  "LAB2_VXL_EX2.hex"
arm-none-eabi-objcopy  -O binary  LAB2_VXL_EX2.elf  "LAB2_VXL_EX2.bin"
   text	   data	    bss	    dec	    hex	filename
   7300	     20	   1660	   8980	   2314	LAB2_VXL_EX2.elf
Finished building: default.size.stdout
 
Finished building: LAB2_VXL_EX2.hex
Finished building: LAB2_VXL_EX2.bin
 
 
Finished building: LAB2_VXL_EX2.list
 
13:40:57 **** Incremental Build of configuration Debug for project LAB2_VXL_EX2 ****
make -j4 all 
arm-none-eabi-gcc "../Core/Src/main.c" -mcpu=cortex-m3 -std=gnu11 -g3 -DDEBUG -DUSE_HAL_DRIVER -DSTM32F103x6 -c -I../Core/Inc -I../Drivers/STM32F1xx_HAL_Driver/Inc -I../Drivers/STM32F1xx_HAL_Driver/Inc/Legacy -I../Drivers/CMSIS/Device/ST/STM32F1xx/Include -I../Drivers/CMSIS/Include -O0 -ffunction-sections -fdata-sections -Wall -fstack-usage -MMD -MP -MF"Core/Src/main.d" -MT"Core/Src/main.o" --specs=nano.specs -mfloat-abi=soft -mthumb -o "Core/Src/main.o"
arm-none-eabi-gcc -o "LAB2_VXL_EX2.elf" @"objects.list"   -mcpu=cortex-m3 -T"D:\STM32CubeIDE_1.7.0\STM32CubeIDE\Lab2_VXL\LAB2_VXL_EX2\STM32F103C6UX_FLASH.ld" --specs=nosys.specs -Wl,-Map="LAB2_VXL_EX2.map" -Wl,--gc-sections -static --specs=nano.specs -mfloat-abi=soft -mthumb -Wl,--start-group -lc -lm -Wl,--end-group
Finished building target: LAB2_VXL_EX2.elf
 
arm-none-eabi-size   LAB2_VXL_EX2.elf 
arm-none-eabi-objdump -h -S  LAB2_VXL_EX2.elf  > "LAB2_VXL_EX2.list"
arm-none-eabi-objcopy  -O ihex  LAB2_VXL_EX2.elf  "LAB2_VXL_EX2.hex"
arm-none-eabi-objcopy  -O binary  LAB2_VXL_EX2.elf  "LAB2_VXL_EX2.bin"
   text	   data	    bss	    dec	    hex	filename
   7304	     20	   1660	   8984	   2318	LAB2_VXL_EX2.elf
Finished building: default.size.stdout
Finished building: LAB2_VXL_EX2.hex
Finished building: LAB2_VXL_EX2.bin
 
 
 
Finished building: LAB2_VXL_EX2.list
 
13:41:30 **** Incremental Build of configuration Debug for project LAB2_VXL_EX2 ****
make -j4 all 
arm-none-eabi-gcc "../Core/Src/main.c" -mcpu=cortex-m3 -std=gnu11 -g3 -DDEBUG -DUSE_HAL_DRIVER -DSTM32F103x6 -c -I../Core/Inc -I../Drivers/STM32F1xx_HAL_Driver/Inc -I../Drivers/STM32F1xx_HAL_Driver/Inc/Legacy -I../Drivers/CMSIS/Device/ST/STM32F1xx/Include -I../Drivers/CMSIS/Include -O0 -ffunction-sections -fdata-sections -Wall -fstack-usage -MMD -MP -MF"Core/Src/main.d" -MT"Core/Src/main.o" --specs=nano.specs -mfloat-abi=soft -mthumb -o "Core/Src/main.o"
arm-none-eabi-gcc -o "LAB2_VXL_EX2.elf" @"objects.list"   -mcpu=cortex-m3 -T"D:\STM32CubeIDE_1.7.0\STM32CubeIDE\Lab2_VXL\LAB2_VXL_EX2\STM32F103C6UX_FLASH.ld" --specs=nosys.specs -Wl,-Map="LAB2_VXL_EX2.map" -Wl,--gc-sections -static --specs=nano.specs -mfloat-abi=soft -mthumb -Wl,--start-group -lc -lm -Wl,--end-group
Finished building target: LAB2_VXL_EX2.elf
 
arm-none-eabi-size   LAB2_VXL_EX2.elf 
arm-none-eabi-objdump -h -S  LAB2_VXL_EX2.elf  > "LAB2_VXL_EX2.list"
arm-none-eabi-objcopy  -O ihex  LAB2_VXL_EX2.elf  "LAB2_VXL_EX2.hex"
arm-none-eabi-objcopy  -O binary  LAB2_VXL_EX2.elf  "LAB2_VXL_EX2.bin"
   text	   data	    bss	    dec	    hex	filename
   7304	     20	   1660	   8984	   2318	LAB2_VXL_EX2.elf
Finished building: default.size.stdout
 
Finished building: LAB2_VXL_EX2.bin
Finished building: LAB2_VXL_EX2.list
Finished building: LAB2_VXL_EX2.hex
 
 
 
13:44:34 **** Incremental Build of configuration Debug for project LAB2_VXL_EX2 ****
make -j4 all 
arm-none-eabi-gcc "../Core/Src/main.c" -mcpu=cortex-m3 -std=gnu11 -g3 -DDEBUG -DUSE_HAL_DRIVER -DSTM32F103x6 -c -I../Core/Inc -I../Drivers/STM32F1xx_HAL_Driver/Inc -I../Drivers/STM32F1xx_HAL_Driver/Inc/Legacy -I../Drivers/CMSIS/Device/ST/STM32F1xx/Include -I../Drivers/CMSIS/Include -O0 -ffunction-sections -fdata-sections -Wall -fstack-usage -MMD -MP -MF"Core/Src/main.d" -MT"Core/Src/main.o" --specs=nano.specs -mfloat-abi=soft -mthumb -o "Core/Src/main.o"
arm-none-eabi-gcc -o "LAB2_VXL_EX2.elf" @"objects.list"   -mcpu=cortex-m3 -T"D:\STM32CubeIDE_1.7.0\STM32CubeIDE\Lab2_VXL\LAB2_VXL_EX2\STM32F103C6UX_FLASH.ld" --specs=nosys.specs -Wl,-Map="LAB2_VXL_EX2.map" -Wl,--gc-sections -static --specs=nano.specs -mfloat-abi=soft -mthumb -Wl,--start-group -lc -lm -Wl,--end-group
Finished building target: LAB2_VXL_EX2.elf
 
arm-none-eabi-size   LAB2_VXL_EX2.elf 
arm-none-eabi-objdump -h -S  LAB2_VXL_EX2.elf  > "LAB2_VXL_EX2.list"
arm-none-eabi-objcopy  -O ihex  LAB2_VXL_EX2.elf  "LAB2_VXL_EX2.hex"
arm-none-eabi-objcopy  -O binary  LAB2_VXL_EX2.elf  "LAB2_VXL_EX2.bin"
   text	   data	    bss	    dec	    hex	filename
   7304	     20	   1660	   8984	   2318	LAB2_VXL_EX2.elf
Finished building: default.size.stdout
 
Finished building: LAB2_VXL_EX2.hex
Finished building: LAB2_VXL_EX2.list
Finished building: LAB2_VXL_EX2.bin
 
 
 
13:48:05 **** Incremental Build of configuration Debug for project LAB2_VXL_EX2 ****
make -j4 all 
arm-none-eabi-gcc "../Core/Src/main.c" -mcpu=cortex-m3 -std=gnu11 -g3 -DDEBUG -DUSE_HAL_DRIVER -DSTM32F103x6 -c -I../Core/Inc -I../Drivers/STM32F1xx_HAL_Driver/Inc -I../Drivers/STM32F1xx_HAL_Driver/Inc/Legacy -I../Drivers/CMSIS/Device/ST/STM32F1xx/Include -I../Drivers/CMSIS/Include -O0 -ffunction-sections -fdata-sections -Wall -fstack-usage -MMD -MP -MF"Core/Src/main.d" -MT"Core/Src/main.o" --specs=nano.specs -mfloat-abi=soft -mthumb -o "Core/Src/main.o"
arm-none-eabi-gcc -o "LAB2_VXL_EX2.elf" @"objects.list"   -mcpu=cortex-m3 -T"D:\STM32CubeIDE_1.7.0\STM32CubeIDE\Lab2_VXL\LAB2_VXL_EX2\STM32F103C6UX_FLASH.ld" --specs=nosys.specs -Wl,-Map="LAB2_VXL_EX2.map" -Wl,--gc-sections -static --specs=nano.specs -mfloat-abi=soft -mthumb -Wl,--start-group -lc -lm -Wl,--end-group
Finished building target: LAB2_VXL_EX2.elf
 
arm-none-eabi-size   LAB2_VXL_EX2.elf 
arm-none-eabi-objdump -h -S  LAB2_VXL_EX2.elf  > "LAB2_VXL_EX2.list"
arm-none-eabi-objcopy  -O ihex  LAB2_VXL_EX2.elf  "LAB2_VXL_EX2.hex"
arm-none-eabi-objcopy  -O binary  LAB2_VXL_EX2.elf  "LAB2_VXL_EX2.bin"
   text	   data	    bss	    dec	    hex	filename
   7304	     20	   1660	   8984	   2318	LAB2_VXL_EX2.elf
Finished building: default.size.stdout
 
Finished building: LAB2_VXL_EX2.bin
Finished building: LAB2_VXL_EX2.hex
Finished building: LAB2_VXL_EX2.list
 
 
 
13:52:38 **** Incremental Build of configuration Debug for project LAB2_VXL_EX2 ****
make -j4 all 
arm-none-eabi-gcc "../Drivers/STM32F1xx_HAL_Driver/Src/stm32f1xx_hal.c" -mcpu=cortex-m3 -std=gnu11 -g3 -DDEBUG -DUSE_HAL_DRIVER -DSTM32F103x6 -c -I../Core/Inc -I../Drivers/STM32F1xx_HAL_Driver/Inc -I../Drivers/STM32F1xx_HAL_Driver/Inc/Legacy -I../Drivers/CMSIS/Device/ST/STM32F1xx/Include -I../Drivers/CMSIS/Include -O0 -ffunction-sections -fdata-sections -Wall -fstack-usage -MMD -MP -MF"Drivers/STM32F1xx_HAL_Driver/Src/stm32f1xx_hal.d" -MT"Drivers/STM32F1xx_HAL_Driver/Src/stm32f1xx_hal.o" --specs=nano.specs -mfloat-abi=soft -mthumb -o "Drivers/STM32F1xx_HAL_Driver/Src/stm32f1xx_hal.o"
arm-none-eabi-gcc "../Drivers/STM32F1xx_HAL_Driver/Src/stm32f1xx_hal_cortex.c" -mcpu=cortex-m3 -std=gnu11 -g3 -DDEBUG -DUSE_HAL_DRIVER -DSTM32F103x6 -c -I../Core/Inc -I../Drivers/STM32F1xx_HAL_Driver/Inc -I../Drivers/STM32F1xx_HAL_Driver/Inc/Legacy -I../Drivers/CMSIS/Device/ST/STM32F1xx/Include -I../Drivers/CMSIS/Include -O0 -ffunction-sections -fdata-sections -Wall -fstack-usage -MMD -MP -MF"Drivers/STM32F1xx_HAL_Driver/Src/stm32f1xx_hal_cortex.d" -MT"Drivers/STM32F1xx_HAL_Driver/Src/stm32f1xx_hal_cortex.o" --specs=nano.specs -mfloat-abi=soft -mthumb -o "Drivers/STM32F1xx_HAL_Driver/Src/stm32f1xx_hal_cortex.o"
arm-none-eabi-gcc "../Drivers/STM32F1xx_HAL_Driver/Src/stm32f1xx_hal_dma.c" -mcpu=cortex-m3 -std=gnu11 -g3 -DDEBUG -DUSE_HAL_DRIVER -DSTM32F103x6 -c -I../Core/Inc -I../Drivers/STM32F1xx_HAL_Driver/Inc -I../Drivers/STM32F1xx_HAL_Driver/Inc/Legacy -I../Drivers/CMSIS/Device/ST/STM32F1xx/Include -I../Drivers/CMSIS/Include -O0 -ffunction-sections -fdata-sections -Wall -fstack-usage -MMD -MP -MF"Drivers/STM32F1xx_HAL_Driver/Src/stm32f1xx_hal_dma.d" -MT"Drivers/STM32F1xx_HAL_Driver/Src/stm32f1xx_hal_dma.o" --specs=nano.specs -mfloat-abi=soft -mthumb -o "Drivers/STM32F1xx_HAL_Driver/Src/stm32f1xx_hal_dma.o"
arm-none-eabi-gcc "../Drivers/STM32F1xx_HAL_Driver/Src/stm32f1xx_hal_exti.c" -mcpu=cortex-m3 -std=gnu11 -g3 -DDEBUG -DUSE_HAL_DRIVER -DSTM32F103x6 -c -I../Core/Inc -I../Drivers/STM32F1xx_HAL_Driver/Inc -I../Drivers/STM32F1xx_HAL_Driver/Inc/Legacy -I../Drivers/CMSIS/Device/ST/STM32F1xx/Include -I../Drivers/CMSIS/Include -O0 -ffunction-sections -fdata-sections -Wall -fstack-usage -MMD -MP -MF"Drivers/STM32F1xx_HAL_Driver/Src/stm32f1xx_hal_exti.d" -MT"Drivers/STM32F1xx_HAL_Driver/Src/stm32f1xx_hal_exti.o" --specs=nano.specs -mfloat-abi=soft -mthumb -o "Drivers/STM32F1xx_HAL_Driver/Src/stm32f1xx_hal_exti.o"
arm-none-eabi-gcc "../Drivers/STM32F1xx_HAL_Driver/Src/stm32f1xx_hal_flash.c" -mcpu=cortex-m3 -std=gnu11 -g3 -DDEBUG -DUSE_HAL_DRIVER -DSTM32F103x6 -c -I../Core/Inc -I../Drivers/STM32F1xx_HAL_Driver/Inc -I../Drivers/STM32F1xx_HAL_Driver/Inc/Legacy -I../Drivers/CMSIS/Device/ST/STM32F1xx/Include -I../Drivers/CMSIS/Include -O0 -ffunction-sections -fdata-sections -Wall -fstack-usage -MMD -MP -MF"Drivers/STM32F1xx_HAL_Driver/Src/stm32f1xx_hal_flash.d" -MT"Drivers/STM32F1xx_HAL_Driver/Src/stm32f1xx_hal_flash.o" --specs=nano.specs -mfloat-abi=soft -mthumb -o "Drivers/STM32F1xx_HAL_Driver/Src/stm32f1xx_hal_flash.o"
arm-none-eabi-gcc "../Drivers/STM32F1xx_HAL_Driver/Src/stm32f1xx_hal_flash_ex.c" -mcpu=cortex-m3 -std=gnu11 -g3 -DDEBUG -DUSE_HAL_DRIVER -DSTM32F103x6 -c -I../Core/Inc -I../Drivers/STM32F1xx_HAL_Driver/Inc -I../Drivers/STM32F1xx_HAL_Driver/Inc/Legacy -I../Drivers/CMSIS/Device/ST/STM32F1xx/Include -I../Drivers/CMSIS/Include -O0 -ffunction-sections -fdata-sections -Wall -fstack-usage -MMD -MP -MF"Drivers/STM32F1xx_HAL_Driver/Src/stm32f1xx_hal_flash_ex.d" -MT"Drivers/STM32F1xx_HAL_Driver/Src/stm32f1xx_hal_flash_ex.o" --specs=nano.specs -mfloat-abi=soft -mthumb -o "Drivers/STM32F1xx_HAL_Driver/Src/stm32f1xx_hal_flash_ex.o"
arm-none-eabi-gcc "../Drivers/STM32F1xx_HAL_Driver/Src/stm32f1xx_hal_gpio.c" -mcpu=cortex-m3 -std=gnu11 -g3 -DDEBUG -DUSE_HAL_DRIVER -DSTM32F103x6 -c -I../Core/Inc -I../Drivers/STM32F1xx_HAL_Driver/Inc -I../Drivers/STM32F1xx_HAL_Driver/Inc/Legacy -I../Drivers/CMSIS/Device/ST/STM32F1xx/Include -I../Drivers/CMSIS/Include -O0 -ffunction-sections -fdata-sections -Wall -fstack-usage -MMD -MP -MF"Drivers/STM32F1xx_HAL_Driver/Src/stm32f1xx_hal_gpio.d" -MT"Drivers/STM32F1xx_HAL_Driver/Src/stm32f1xx_hal_gpio.o" --specs=nano.specs -mfloat-abi=soft -mthumb -o "Drivers/STM32F1xx_HAL_Driver/Src/stm32f1xx_hal_gpio.o"
arm-none-eabi-gcc "../Drivers/STM32F1xx_HAL_Driver/Src/stm32f1xx_hal_gpio_ex.c" -mcpu=cortex-m3 -std=gnu11 -g3 -DDEBUG -DUSE_HAL_DRIVER -DSTM32F103x6 -c -I../Core/Inc -I../Drivers/STM32F1xx_HAL_Driver/Inc -I../Drivers/STM32F1xx_HAL_Driver/Inc/Legacy -I../Drivers/CMSIS/Device/ST/STM32F1xx/Include -I../Drivers/CMSIS/Include -O0 -ffunction-sections -fdata-sections -Wall -fstack-usage -MMD -MP -MF"Drivers/STM32F1xx_HAL_Driver/Src/stm32f1xx_hal_gpio_ex.d" -MT"Drivers/STM32F1xx_HAL_Driver/Src/stm32f1xx_hal_gpio_ex.o" --specs=nano.specs -mfloat-abi=soft -mthumb -o "Drivers/STM32F1xx_HAL_Driver/Src/stm32f1xx_hal_gpio_ex.o"
arm-none-eabi-gcc "../Drivers/STM32F1xx_HAL_Driver/Src/stm32f1xx_hal_pwr.c" -mcpu=cortex-m3 -std=gnu11 -g3 -DDEBUG -DUSE_HAL_DRIVER -DSTM32F103x6 -c -I../Core/Inc -I../Drivers/STM32F1xx_HAL_Driver/Inc -I../Drivers/STM32F1xx_HAL_Driver/Inc/Legacy -I../Drivers/CMSIS/Device/ST/STM32F1xx/Include -I../Drivers/CMSIS/Include -O0 -ffunction-sections -fdata-sections -Wall -fstack-usage -MMD -MP -MF"Drivers/STM32F1xx_HAL_Driver/Src/stm32f1xx_hal_pwr.d" -MT"Drivers/STM32F1xx_HAL_Driver/Src/stm32f1xx_hal_pwr.o" --specs=nano.specs -mfloat-abi=soft -mthumb -o "Drivers/STM32F1xx_HAL_Driver/Src/stm32f1xx_hal_pwr.o"
arm-none-eabi-gcc "../Drivers/STM32F1xx_HAL_Driver/Src/stm32f1xx_hal_rcc.c" -mcpu=cortex-m3 -std=gnu11 -g3 -DDEBUG -DUSE_HAL_DRIVER -DSTM32F103x6 -c -I../Core/Inc -I../Drivers/STM32F1xx_HAL_Driver/Inc -I../Drivers/STM32F1xx_HAL_Driver/Inc/Legacy -I../Drivers/CMSIS/Device/ST/STM32F1xx/Include -I../Drivers/CMSIS/Include -O0 -ffunction-sections -fdata-sections -Wall -fstack-usage -MMD -MP -MF"Drivers/STM32F1xx_HAL_Driver/Src/stm32f1xx_hal_rcc.d" -MT"Drivers/STM32F1xx_HAL_Driver/Src/stm32f1xx_hal_rcc.o" --specs=nano.specs -mfloat-abi=soft -mthumb -o "Drivers/STM32F1xx_HAL_Driver/Src/stm32f1xx_hal_rcc.o"
arm-none-eabi-gcc "../Drivers/STM32F1xx_HAL_Driver/Src/stm32f1xx_hal_rcc_ex.c" -mcpu=cortex-m3 -std=gnu11 -g3 -DDEBUG -DUSE_HAL_DRIVER -DSTM32F103x6 -c -I../Core/Inc -I../Drivers/STM32F1xx_HAL_Driver/Inc -I../Drivers/STM32F1xx_HAL_Driver/Inc/Legacy -I../Drivers/CMSIS/Device/ST/STM32F1xx/Include -I../Drivers/CMSIS/Include -O0 -ffunction-sections -fdata-sections -Wall -fstack-usage -MMD -MP -MF"Drivers/STM32F1xx_HAL_Driver/Src/stm32f1xx_hal_rcc_ex.d" -MT"Drivers/STM32F1xx_HAL_Driver/Src/stm32f1xx_hal_rcc_ex.o" --specs=nano.specs -mfloat-abi=soft -mthumb -o "Drivers/STM32F1xx_HAL_Driver/Src/stm32f1xx_hal_rcc_ex.o"
arm-none-eabi-gcc "../Drivers/STM32F1xx_HAL_Driver/Src/stm32f1xx_hal_tim.c" -mcpu=cortex-m3 -std=gnu11 -g3 -DDEBUG -DUSE_HAL_DRIVER -DSTM32F103x6 -c -I../Core/Inc -I../Drivers/STM32F1xx_HAL_Driver/Inc -I../Drivers/STM32F1xx_HAL_Driver/Inc/Legacy -I../Drivers/CMSIS/Device/ST/STM32F1xx/Include -I../Drivers/CMSIS/Include -O0 -ffunction-sections -fdata-sections -Wall -fstack-usage -MMD -MP -MF"Drivers/STM32F1xx_HAL_Driver/Src/stm32f1xx_hal_tim.d" -MT"Drivers/STM32F1xx_HAL_Driver/Src/stm32f1xx_hal_tim.o" --specs=nano.specs -mfloat-abi=soft -mthumb -o "Drivers/STM32F1xx_HAL_Driver/Src/stm32f1xx_hal_tim.o"
arm-none-eabi-gcc "../Drivers/STM32F1xx_HAL_Driver/Src/stm32f1xx_hal_tim_ex.c" -mcpu=cortex-m3 -std=gnu11 -g3 -DDEBUG -DUSE_HAL_DRIVER -DSTM32F103x6 -c -I../Core/Inc -I../Drivers/STM32F1xx_HAL_Driver/Inc -I../Drivers/STM32F1xx_HAL_Driver/Inc/Legacy -I../Drivers/CMSIS/Device/ST/STM32F1xx/Include -I../Drivers/CMSIS/Include -O0 -ffunction-sections -fdata-sections -Wall -fstack-usage -MMD -MP -MF"Drivers/STM32F1xx_HAL_Driver/Src/stm32f1xx_hal_tim_ex.d" -MT"Drivers/STM32F1xx_HAL_Driver/Src/stm32f1xx_hal_tim_ex.o" --specs=nano.specs -mfloat-abi=soft -mthumb -o "Drivers/STM32F1xx_HAL_Driver/Src/stm32f1xx_hal_tim_ex.o"
arm-none-eabi-gcc "../Core/Src/main.c" -mcpu=cortex-m3 -std=gnu11 -g3 -DDEBUG -DUSE_HAL_DRIVER -DSTM32F103x6 -c -I../Core/Inc -I../Drivers/STM32F1xx_HAL_Driver/Inc -I../Drivers/STM32F1xx_HAL_Driver/Inc/Legacy -I../Drivers/CMSIS/Device/ST/STM32F1xx/Include -I../Drivers/CMSIS/Include -O0 -ffunction-sections -fdata-sections -Wall -fstack-usage -MMD -MP -MF"Core/Src/main.d" -MT"Core/Src/main.o" --specs=nano.specs -mfloat-abi=soft -mthumb -o "Core/Src/main.o"
arm-none-eabi-gcc "../Core/Src/stm32f1xx_hal_msp.c" -mcpu=cortex-m3 -std=gnu11 -g3 -DDEBUG -DUSE_HAL_DRIVER -DSTM32F103x6 -c -I../Core/Inc -I../Drivers/STM32F1xx_HAL_Driver/Inc -I../Drivers/STM32F1xx_HAL_Driver/Inc/Legacy -I../Drivers/CMSIS/Device/ST/STM32F1xx/Include -I../Drivers/CMSIS/Include -O0 -ffunction-sections -fdata-sections -Wall -fstack-usage -MMD -MP -MF"Core/Src/stm32f1xx_hal_msp.d" -MT"Core/Src/stm32f1xx_hal_msp.o" --specs=nano.specs -mfloat-abi=soft -mthumb -o "Core/Src/stm32f1xx_hal_msp.o"
../Core/Src/main.c: In function 'HAL_TIM_PeriodElapsedCallback':
../Core/Src/main.c:269:14: warning: implicit declaration of function 'display7SEG' [-Wimplicit-function-declaration]
  269 |              display7SEG(1);
      |              ^~~~~~~~~~~
arm-none-eabi-gcc "../Core/Src/stm32f1xx_it.c" -mcpu=cortex-m3 -std=gnu11 -g3 -DDEBUG -DUSE_HAL_DRIVER -DSTM32F103x6 -c -I../Core/Inc -I../Drivers/STM32F1xx_HAL_Driver/Inc -I../Drivers/STM32F1xx_HAL_Driver/Inc/Legacy -I../Drivers/CMSIS/Device/ST/STM32F1xx/Include -I../Drivers/CMSIS/Include -O0 -ffunction-sections -fdata-sections -Wall -fstack-usage -MMD -MP -MF"Core/Src/stm32f1xx_it.d" -MT"Core/Src/stm32f1xx_it.o" --specs=nano.specs -mfloat-abi=soft -mthumb -o "Core/Src/stm32f1xx_it.o"
arm-none-eabi-gcc "../Core/Src/system_stm32f1xx.c" -mcpu=cortex-m3 -std=gnu11 -g3 -DDEBUG -DUSE_HAL_DRIVER -DSTM32F103x6 -c -I../Core/Inc -I../Drivers/STM32F1xx_HAL_Driver/Inc -I../Drivers/STM32F1xx_HAL_Driver/Inc/Legacy -I../Drivers/CMSIS/Device/ST/STM32F1xx/Include -I../Drivers/CMSIS/Include -O0 -ffunction-sections -fdata-sections -Wall -fstack-usage -MMD -MP -MF"Core/Src/system_stm32f1xx.d" -MT"Core/Src/system_stm32f1xx.o" --specs=nano.specs -mfloat-abi=soft -mthumb -o "Core/Src/system_stm32f1xx.o"
arm-none-eabi-gcc -o "LAB2_VXL_EX2.elf" @"objects.list"   -mcpu=cortex-m3 -T"D:\STM32CubeIDE_1.7.0\STM32CubeIDE\Lab2_VXL\LAB2_VXL_EX2\STM32F103C6UX_FLASH.ld" --specs=nosys.specs -Wl,-Map="LAB2_VXL_EX2.map" -Wl,--gc-sections -static --specs=nano.specs -mfloat-abi=soft -mthumb -Wl,--start-group -lc -lm -Wl,--end-group
d:\stm32cubeide_1.7.0\stm32cubeide\plugins\com.st.stm32cube.ide.mcu.externaltools.gnu-tools-for-stm32.9-2020-q2-update.win32_2.0.0.202105311346\tools\arm-none-eabi\bin\ld.exe: ./Core/Src/main.o: in function `HAL_TIM_PeriodElapsedCallback':
D:/STM32CubeIDE_1.7.0/STM32CubeIDE/Lab2_VXL/LAB2_VXL_EX2/Debug/../Core/Src/main.c:269: undefined reference to `display7SEG'
d:\stm32cubeide_1.7.0\stm32cubeide\plugins\com.st.stm32cube.ide.mcu.externaltools.gnu-tools-for-stm32.9-2020-q2-update.win32_2.0.0.202105311346\tools\arm-none-eabi\bin\ld.exe: D:/STM32CubeIDE_1.7.0/STM32CubeIDE/Lab2_VXL/LAB2_VXL_EX2/Debug/../Core/Src/main.c:278: undefined reference to `display7SEG'
d:\stm32cubeide_1.7.0\stm32cubeide\plugins\com.st.stm32cube.ide.mcu.externaltools.gnu-tools-for-stm32.9-2020-q2-update.win32_2.0.0.202105311346\tools\arm-none-eabi\bin\ld.exe: D:/STM32CubeIDE_1.7.0/STM32CubeIDE/Lab2_VXL/LAB2_VXL_EX2/Debug/../Core/Src/main.c:287: undefined reference to `display7SEG'
d:\stm32cubeide_1.7.0\stm32cubeide\plugins\com.st.stm32cube.ide.mcu.externaltools.gnu-tools-for-stm32.9-2020-q2-update.win32_2.0.0.202105311346\tools\arm-none-eabi\bin\ld.exe: D:/STM32CubeIDE_1.7.0/STM32CubeIDE/Lab2_VXL/LAB2_VXL_EX2/Debug/../Core/Src/main.c:296: undefined reference to `display7SEG'
collect2.exe: error: ld returned 1 exit status
make: *** [makefile:68: LAB2_VXL_EX2.elf] Error 1
"make -j4 all" terminated with exit code 2. Build might be incomplete.
13:53:07 **** Incremental Build of configuration Debug for project LAB2_VXL_EX2 ****
make -j4 all 
arm-none-eabi-gcc "../Core/Src/main.c" -mcpu=cortex-m3 -std=gnu11 -g3 -DDEBUG -DUSE_HAL_DRIVER -DSTM32F103x6 -c -I../Core/Inc -I../Drivers/STM32F1xx_HAL_Driver/Inc -I../Drivers/STM32F1xx_HAL_Driver/Inc/Legacy -I../Drivers/CMSIS/Device/ST/STM32F1xx/Include -I../Drivers/CMSIS/Include -O0 -ffunction-sections -fdata-sections -Wall -fstack-usage -MMD -MP -MF"Core/Src/main.d" -MT"Core/Src/main.o" --specs=nano.specs -mfloat-abi=soft -mthumb -o "Core/Src/main.o"
arm-none-eabi-gcc -o "LAB2_VXL_EX2.elf" @"objects.list"   -mcpu=cortex-m3 -T"D:\STM32CubeIDE_1.7.0\STM32CubeIDE\Lab2_VXL\LAB2_VXL_EX2\STM32F103C6UX_FLASH.ld" --specs=nosys.specs -Wl,-Map="LAB2_VXL_EX2.map" -Wl,--gc-sections -static --specs=nano.specs -mfloat-abi=soft -mthumb -Wl,--start-group -lc -lm -Wl,--end-group
Finished building target: LAB2_VXL_EX2.elf
 
arm-none-eabi-size   LAB2_VXL_EX2.elf 
arm-none-eabi-objdump -h -S  LAB2_VXL_EX2.elf  > "LAB2_VXL_EX2.list"
arm-none-eabi-objcopy  -O ihex  LAB2_VXL_EX2.elf  "LAB2_VXL_EX2.hex"
arm-none-eabi-objcopy  -O binary  LAB2_VXL_EX2.elf  "LAB2_VXL_EX2.bin"
   text	   data	    bss	    dec	    hex	filename
   7304	     20	   1660	   8984	   2318	LAB2_VXL_EX2.elf
Finished building: default.size.stdout
 
Finished building: LAB2_VXL_EX2.bin
Finished building: LAB2_VXL_EX2.hex
 
Finished building: LAB2_VXL_EX2.list
 
 
13:55:10 **** Incremental Build of configuration Debug for project LAB2_VXL_EX2 ****
make -j4 all 
arm-none-eabi-gcc "../Core/Src/main.c" -mcpu=cortex-m3 -std=gnu11 -g3 -DDEBUG -DUSE_HAL_DRIVER -DSTM32F103x6 -c -I../Core/Inc -I../Drivers/STM32F1xx_HAL_Driver/Inc -I../Drivers/STM32F1xx_HAL_Driver/Inc/Legacy -I../Drivers/CMSIS/Device/ST/STM32F1xx/Include -I../Drivers/CMSIS/Include -O0 -ffunction-sections -fdata-sections -Wall -fstack-usage -MMD -MP -MF"Core/Src/main.d" -MT"Core/Src/main.o" --specs=nano.specs -mfloat-abi=soft -mthumb -o "Core/Src/main.o"
arm-none-eabi-gcc -o "LAB2_VXL_EX2.elf" @"objects.list"   -mcpu=cortex-m3 -T"D:\STM32CubeIDE_1.7.0\STM32CubeIDE\Lab2_VXL\LAB2_VXL_EX2\STM32F103C6UX_FLASH.ld" --specs=nosys.specs -Wl,-Map="LAB2_VXL_EX2.map" -Wl,--gc-sections -static --specs=nano.specs -mfloat-abi=soft -mthumb -Wl,--start-group -lc -lm -Wl,--end-group
Finished building target: LAB2_VXL_EX2.elf
 
arm-none-eabi-size   LAB2_VXL_EX2.elf 
arm-none-eabi-objdump -h -S  LAB2_VXL_EX2.elf  > "LAB2_VXL_EX2.list"
arm-none-eabi-objcopy  -O ihex  LAB2_VXL_EX2.elf  "LAB2_VXL_EX2.hex"
arm-none-eabi-objcopy  -O binary  LAB2_VXL_EX2.elf  "LAB2_VXL_EX2.bin"
   text	   data	    bss	    dec	    hex	filename
   7304	     20	   1660	   8984	   2318	LAB2_VXL_EX2.elf
Finished building: default.size.stdout
Finished building: LAB2_VXL_EX2.bin
Finished building: LAB2_VXL_EX2.hex
 
 
Finished building: LAB2_VXL_EX2.list
 
 
13:55:48 **** Incremental Build of configuration Debug for project LAB2_VXL_EX2 ****
make -j4 all 
arm-none-eabi-gcc "../Core/Src/main.c" -mcpu=cortex-m3 -std=gnu11 -g3 -DDEBUG -DUSE_HAL_DRIVER -DSTM32F103x6 -c -I../Core/Inc -I../Drivers/STM32F1xx_HAL_Driver/Inc -I../Drivers/STM32F1xx_HAL_Driver/Inc/Legacy -I../Drivers/CMSIS/Device/ST/STM32F1xx/Include -I../Drivers/CMSIS/Include -O0 -ffunction-sections -fdata-sections -Wall -fstack-usage -MMD -MP -MF"Core/Src/main.d" -MT"Core/Src/main.o" --specs=nano.specs -mfloat-abi=soft -mthumb -o "Core/Src/main.o"
[...]
 
 
Finished building: LAB2_VXL_EX9-10.list
 
09:47:51 **** Incremental Build of configuration Debug for project LAB2_VXL_EX9-10 ****
make -j4 all 
arm-none-eabi-size   LAB2_VXL_EX9-10.elf 
   text	   data	    bss	    dec	    hex	filename
   8124	     84	   1676	   9884	   269c	LAB2_VXL_EX9-10.elf
Finished building: default.size.stdout
 
09:52:07 **** Incremental Build of configuration Debug for project LAB2_VXL_EX9-10 ****
make -j4 all 
arm-none-eabi-gcc "../Core/Src/main.c" -mcpu=cortex-m3 -std=gnu11 -g3 -DDEBUG -DUSE_HAL_DRIVER -DSTM32F103x6 -c -I../Core/Inc -I../Drivers/STM32F1xx_HAL_Driver/Inc -I../Drivers/STM32F1xx_HAL_Driver/Inc/Legacy -I../Drivers/CMSIS/Device/ST/STM32F1xx/Include -I../Drivers/CMSIS/Include -O0 -ffunction-sections -fdata-sections -Wall -fstack-usage -MMD -MP -MF"Core/Src/main.d" -MT"Core/Src/main.o" --specs=nano.specs -mfloat-abi=soft -mthumb -o "Core/Src/main.o"
arm-none-eabi-gcc -o "LAB2_VXL_EX9-10.elf" @"objects.list"   -mcpu=cortex-m3 -T"D:\STM32CubeIDE_1.7.0\STM32CubeIDE\Lab2_VXL\LAB2_VXL_EX9-10\STM32F103C6UX_FLASH.ld" --specs=nosys.specs -Wl,-Map="LAB2_VXL_EX9-10.map" -Wl,--gc-sections -static --specs=nano.specs -mfloat-abi=soft -mthumb -Wl,--start-group -lc -lm -Wl,--end-group
Finished building target: LAB2_VXL_EX9-10.elf
 
arm-none-eabi-size   LAB2_VXL_EX9-10.elf 
arm-none-eabi-objdump -h -S  LAB2_VXL_EX9-10.elf  > "LAB2_VXL_EX9-10.list"
arm-none-eabi-objcopy  -O ihex  LAB2_VXL_EX9-10.elf  "LAB2_VXL_EX9-10.hex"
arm-none-eabi-objcopy  -O binary  LAB2_VXL_EX9-10.elf  "LAB2_VXL_EX9-10.bin"
   text	   data	    bss	    dec	    hex	filename
   8132	     84	   1676	   9892	   26a4	LAB2_VXL_EX9-10.elf
Finished building: default.size.stdout
Finished building: LAB2_VXL_EX9-10.bin
Finished building: LAB2_VXL_EX9-10.hex
 
Finished building: LAB2_VXL_EX9-10.list
 
 
 
09:54:35 **** Incremental Build of configuration Debug for project LAB2_VXL_EX9-10 ****
make -j4 all 
arm-none-eabi-gcc "../Core/Src/main.c" -mcpu=cortex-m3 -std=gnu11 -g3 -DDEBUG -DUSE_HAL_DRIVER -DSTM32F103x6 -c -I../Core/Inc -I../Drivers/STM32F1xx_HAL_Driver/Inc -I../Drivers/STM32F1xx_HAL_Driver/Inc/Legacy -I../Drivers/CMSIS/Device/ST/STM32F1xx/Include -I../Drivers/CMSIS/Include -O0 -ffunction-sections -fdata-sections -Wall -fstack-usage -MMD -MP -MF"Core/Src/main.d" -MT"Core/Src/main.o" --specs=nano.specs -mfloat-abi=soft -mthumb -o "Core/Src/main.o"
../Core/Src/main.c:78:30: error: expected expression before 'uint8_t'
   78 | uint8_t matrix_buffer[10] = {uint8_t matrix_buffer[8] = {
      |                              ^~~~~~~
../Core/Src/main.c:51:13: warning: 'MX_GPIO_Init' declared 'static' but never defined [-Wunused-function]
   51 | static void MX_GPIO_Init(void);
      |             ^~~~~~~~~~~~
../Core/Src/main.c:52:13: warning: 'MX_TIM2_Init' declared 'static' but never defined [-Wunused-function]
   52 | static void MX_TIM2_Init(void);
      |             ^~~~~~~~~~~~
make: *** [Core/Src/subdir.mk:34: Core/Src/main.o] Error 1
"make -j4 all" terminated with exit code 2. Build might be incomplete.
09:55:03 **** Incremental Build of configuration Debug for project LAB2_VXL_EX9-10 ****
make -j4 all 
arm-none-eabi-gcc "../Core/Src/main.c" -mcpu=cortex-m3 -std=gnu11 -g3 -DDEBUG -DUSE_HAL_DRIVER -DSTM32F103x6 -c -I../Core/Inc -I../Drivers/STM32F1xx_HAL_Driver/Inc -I../Drivers/STM32F1xx_HAL_Driver/Inc/Legacy -I../Drivers/CMSIS/Device/ST/STM32F1xx/Include -I../Drivers/CMSIS/Include -O0 -ffunction-sections -fdata-sections -Wall -fstack-usage -MMD -MP -MF"Core/Src/main.d" -MT"Core/Src/main.o" --specs=nano.specs -mfloat-abi=soft -mthumb -o "Core/Src/main.o"
arm-none-eabi-gcc -o "LAB2_VXL_EX9-10.elf" @"objects.list"   -mcpu=cortex-m3 -T"D:\STM32CubeIDE_1.7.0\STM32CubeIDE\Lab2_VXL\LAB2_VXL_EX9-10\STM32F103C6UX_FLASH.ld" --specs=nosys.specs -Wl,-Map="LAB2_VXL_EX9-10.map" -Wl,--gc-sections -static --specs=nano.specs -mfloat-abi=soft -mthumb -Wl,--start-group -lc -lm -Wl,--end-group
Finished building target: LAB2_VXL_EX9-10.elf
 
arm-none-eabi-size   LAB2_VXL_EX9-10.elf 
arm-none-eabi-objdump -h -S  LAB2_VXL_EX9-10.elf  > "LAB2_VXL_EX9-10.list"
arm-none-eabi-objcopy  -O ihex  LAB2_VXL_EX9-10.elf  "LAB2_VXL_EX9-10.hex"
arm-none-eabi-objcopy  -O binary  LAB2_VXL_EX9-10.elf  "LAB2_VXL_EX9-10.bin"
   text	   data	    bss	    dec	    hex	filename
   8124	     84	   1676	   9884	   269c	LAB2_VXL_EX9-10.elf
Finished building: default.size.stdout
 
Finished building: LAB2_VXL_EX9-10.bin
Finished building: LAB2_VXL_EX9-10.hex
 
 
Finished building: LAB2_VXL_EX9-10.list
 
09:56:36 **** Incremental Build of configuration Debug for project LAB2_VXL_EX9-10 ****
make -j4 all 
arm-none-eabi-gcc "../Core/Src/main.c" -mcpu=cortex-m3 -std=gnu11 -g3 -DDEBUG -DUSE_HAL_DRIVER -DSTM32F103x6 -c -I../Core/Inc -I../Drivers/STM32F1xx_HAL_Driver/Inc -I../Drivers/STM32F1xx_HAL_Driver/Inc/Legacy -I../Drivers/CMSIS/Device/ST/STM32F1xx/Include -I../Drivers/CMSIS/Include -O0 -ffunction-sections -fdata-sections -Wall -fstack-usage -MMD -MP -MF"Core/Src/main.d" -MT"Core/Src/main.o" --specs=nano.specs -mfloat-abi=soft -mthumb -o "Core/Src/main.o"
../Core/Src/main.c:78:30: error: expected expression before 'uint8_t'
   78 | uint8_t matrix_buffer[10] = {uint8_t matrix_buffer[10] = {
      |                              ^~~~~~~
../Core/Src/main.c:51:13: warning: 'MX_GPIO_Init' declared 'static' but never defined [-Wunused-function]
   51 | static void MX_GPIO_Init(void);
      |             ^~~~~~~~~~~~
../Core/Src/main.c:52:13: warning: 'MX_TIM2_Init' declared 'static' but never defined [-Wunused-function]
   52 | static void MX_TIM2_Init(void);
      |             ^~~~~~~~~~~~
make: *** [Core/Src/subdir.mk:34: Core/Src/main.o] Error 1
"make -j4 all" terminated with exit code 2. Build might be incomplete.
09:56:57 **** Incremental Build of configuration Debug for project LAB2_VXL_EX9-10 ****
make -j4 all 
arm-none-eabi-gcc "../Core/Src/main.c" -mcpu=cortex-m3 -std=gnu11 -g3 -DDEBUG -DUSE_HAL_DRIVER -DSTM32F103x6 -c -I../Core/Inc -I../Drivers/STM32F1xx_HAL_Driver/Inc -I../Drivers/STM32F1xx_HAL_Driver/Inc/Legacy -I../Drivers/CMSIS/Device/ST/STM32F1xx/Include -I../Drivers/CMSIS/Include -O0 -ffunction-sections -fdata-sections -Wall -fstack-usage -MMD -MP -MF"Core/Src/main.d" -MT"Core/Src/main.o" --specs=nano.specs -mfloat-abi=soft -mthumb -o "Core/Src/main.o"
arm-none-eabi-gcc -o "LAB2_VXL_EX9-10.elf" @"objects.list"   -mcpu=cortex-m3 -T"D:\STM32CubeIDE_1.7.0\STM32CubeIDE\Lab2_VXL\LAB2_VXL_EX9-10\STM32F103C6UX_FLASH.ld" --specs=nosys.specs -Wl,-Map="LAB2_VXL_EX9-10.map" -Wl,--gc-sections -static --specs=nano.specs -mfloat-abi=soft -mthumb -Wl,--start-group -lc -lm -Wl,--end-group
Finished building target: LAB2_VXL_EX9-10.elf
 
arm-none-eabi-size   LAB2_VXL_EX9-10.elf 
arm-none-eabi-objdump -h -S  LAB2_VXL_EX9-10.elf  > "LAB2_VXL_EX9-10.list"
arm-none-eabi-objcopy  -O ihex  LAB2_VXL_EX9-10.elf  "LAB2_VXL_EX9-10.hex"
arm-none-eabi-objcopy  -O binary  LAB2_VXL_EX9-10.elf  "LAB2_VXL_EX9-10.bin"
   text	   data	    bss	    dec	    hex	filename
   8124	     84	   1676	   9884	   269c	LAB2_VXL_EX9-10.elf
Finished building: default.size.stdout
 
Finished building: LAB2_VXL_EX9-10.bin
Finished building: LAB2_VXL_EX9-10.hex
Finished building: LAB2_VXL_EX9-10.list
 
 
 
09:58:26 **** Incremental Build of configuration Debug for project LAB2_VXL_EX9-10 ****
make -j4 all 
arm-none-eabi-gcc "../Core/Src/main.c" -mcpu=cortex-m3 -std=gnu11 -g3 -DDEBUG -DUSE_HAL_DRIVER -DSTM32F103x6 -c -I../Core/Inc -I../Drivers/STM32F1xx_HAL_Driver/Inc -I../Drivers/STM32F1xx_HAL_Driver/Inc/Legacy -I../Drivers/CMSIS/Device/ST/STM32F1xx/Include -I../Drivers/CMSIS/Include -O0 -ffunction-sections -fdata-sections -Wall -fstack-usage -MMD -MP -MF"Core/Src/main.d" -MT"Core/Src/main.o" --specs=nano.specs -mfloat-abi=soft -mthumb -o "Core/Src/main.o"
arm-none-eabi-gcc -o "LAB2_VXL_EX9-10.elf" @"objects.list"   -mcpu=cortex-m3 -T"D:\STM32CubeIDE_1.7.0\STM32CubeIDE\Lab2_VXL\LAB2_VXL_EX9-10\STM32F103C6UX_FLASH.ld" --specs=nosys.specs -Wl,-Map="LAB2_VXL_EX9-10.map" -Wl,--gc-sections -static --specs=nano.specs -mfloat-abi=soft -mthumb -Wl,--start-group -lc -lm -Wl,--end-group
Finished building target: LAB2_VXL_EX9-10.elf
 
arm-none-eabi-size   LAB2_VXL_EX9-10.elf 
arm-none-eabi-objdump -h -S  LAB2_VXL_EX9-10.elf  > "LAB2_VXL_EX9-10.list"
arm-none-eabi-objcopy  -O ihex  LAB2_VXL_EX9-10.elf  "LAB2_VXL_EX9-10.hex"
arm-none-eabi-objcopy  -O binary  LAB2_VXL_EX9-10.elf  "LAB2_VXL_EX9-10.bin"
   text	   data	    bss	    dec	    hex	filename
   8124	     84	   1676	   9884	   269c	LAB2_VXL_EX9-10.elf
Finished building: default.size.stdout
 
Finished building: LAB2_VXL_EX9-10.hex
Finished building: LAB2_VXL_EX9-10.bin
Finished building: LAB2_VXL_EX9-10.list
 
 
 
10:00:17 **** Incremental Build of configuration Debug for project LAB2_VXL_EX9-10 ****
make -j4 all 
arm-none-eabi-gcc "../Core/Src/main.c" -mcpu=cortex-m3 -std=gnu11 -g3 -DDEBUG -DUSE_HAL_DRIVER -DSTM32F103x6 -c -I../Core/Inc -I../Drivers/STM32F1xx_HAL_Driver/Inc -I../Drivers/STM32F1xx_HAL_Driver/Inc/Legacy -I../Drivers/CMSIS/Device/ST/STM32F1xx/Include -I../Drivers/CMSIS/Include -O0 -ffunction-sections -fdata-sections -Wall -fstack-usage -MMD -MP -MF"Core/Src/main.d" -MT"Core/Src/main.o" --specs=nano.specs -mfloat-abi=soft -mthumb -o "Core/Src/main.o"
arm-none-eabi-gcc -o "LAB2_VXL_EX9-10.elf" @"objects.list"   -mcpu=cortex-m3 -T"D:\STM32CubeIDE_1.7.0\STM32CubeIDE\Lab2_VXL\LAB2_VXL_EX9-10\STM32F103C6UX_FLASH.ld" --specs=nosys.specs -Wl,-Map="LAB2_VXL_EX9-10.map" -Wl,--gc-sections -static --specs=nano.specs -mfloat-abi=soft -mthumb -Wl,--start-group -lc -lm -Wl,--end-group
Finished building target: LAB2_VXL_EX9-10.elf
 
arm-none-eabi-size   LAB2_VXL_EX9-10.elf 
arm-none-eabi-objdump -h -S  LAB2_VXL_EX9-10.elf  > "LAB2_VXL_EX9-10.list"
arm-none-eabi-objcopy  -O ihex  LAB2_VXL_EX9-10.elf  "LAB2_VXL_EX9-10.hex"
arm-none-eabi-objcopy  -O binary  LAB2_VXL_EX9-10.elf  "LAB2_VXL_EX9-10.bin"
   text	   data	    bss	    dec	    hex	filename
   8124	     84	   1676	   9884	   269c	LAB2_VXL_EX9-10.elf
Finished building: default.size.stdout
 
Finished building: LAB2_VXL_EX9-10.bin
Finished building: LAB2_VXL_EX9-10.hex
Finished building: LAB2_VXL_EX9-10.list
 
 
 
10:01:52 **** Incremental Build of configuration Debug for project LAB2_VXL_EX9-10 ****
make -j4 all 
arm-none-eabi-gcc "../Core/Src/main.c" -mcpu=cortex-m3 -std=gnu11 -g3 -DDEBUG -DUSE_HAL_DRIVER -DSTM32F103x6 -c -I../Core/Inc -I../Drivers/STM32F1xx_HAL_Driver/Inc -I../Drivers/STM32F1xx_HAL_Driver/Inc/Legacy -I../Drivers/CMSIS/Device/ST/STM32F1xx/Include -I../Drivers/CMSIS/Include -O0 -ffunction-sections -fdata-sections -Wall -fstack-usage -MMD -MP -MF"Core/Src/main.d" -MT"Core/Src/main.o" --specs=nano.specs -mfloat-abi=soft -mthumb -o "Core/Src/main.o"
../Core/Src/main.c:78:32: error: expected '}' before 'x01'
   78 | uint8_t matrix_buffer [8] = {0 x01 , 0 x02 , 0 x03 , 0 x04 , 0 x05 , 0x06 , 0 x07 , 0x08 };
      |                             ~  ^~~
make: *** [Core/Src/subdir.mk:34: Core/Src/main.o] Error 1
"make -j4 all" terminated with exit code 2. Build might be incomplete.
10:02:27 **** Incremental Build of configuration Debug for project LAB2_VXL_EX9-10 ****
make -j4 all 
arm-none-eabi-gcc "../Core/Src/main.c" -mcpu=cortex-m3 -std=gnu11 -g3 -DDEBUG -DUSE_HAL_DRIVER -DSTM32F103x6 -c -I../Core/Inc -I../Drivers/STM32F1xx_HAL_Driver/Inc -I../Drivers/STM32F1xx_HAL_Driver/Inc/Legacy -I../Drivers/CMSIS/Device/ST/STM32F1xx/Include -I../Drivers/CMSIS/Include -O0 -ffunction-sections -fdata-sections -Wall -fstack-usage -MMD -MP -MF"Core/Src/main.d" -MT"Core/Src/main.o" --specs=nano.specs -mfloat-abi=soft -mthumb -o "Core/Src/main.o"
arm-none-eabi-gcc -o "LAB2_VXL_EX9-10.elf" @"objects.list"   -mcpu=cortex-m3 -T"D:\STM32CubeIDE_1.7.0\STM32CubeIDE\Lab2_VXL\LAB2_VXL_EX9-10\STM32F103C6UX_FLASH.ld" --specs=nosys.specs -Wl,-Map="LAB2_VXL_EX9-10.map" -Wl,--gc-sections -static --specs=nano.specs -mfloat-abi=soft -mthumb -Wl,--start-group -lc -lm -Wl,--end-group
Finished building target: LAB2_VXL_EX9-10.elf
 
arm-none-eabi-size   LAB2_VXL_EX9-10.elf 
arm-none-eabi-objdump -h -S  LAB2_VXL_EX9-10.elf  > "LAB2_VXL_EX9-10.list"
arm-none-eabi-objcopy  -O ihex  LAB2_VXL_EX9-10.elf  "LAB2_VXL_EX9-10.hex"
arm-none-eabi-objcopy  -O binary  LAB2_VXL_EX9-10.elf  "LAB2_VXL_EX9-10.bin"
   text	   data	    bss	    dec	    hex	filename
   8124	     80	   1672	   9876	   2694	LAB2_VXL_EX9-10.elf
Finished building: default.size.stdout
 
Finished building: LAB2_VXL_EX9-10.hex
Finished building: LAB2_VXL_EX9-10.bin
Finished building: LAB2_VXL_EX9-10.list
 
 
 
10:03:14 **** Incremental Build of configuration Debug for project LAB2_VXL_EX9-10 ****
make -j4 all 
arm-none-eabi-gcc "../Core/Src/main.c" -mcpu=cortex-m3 -std=gnu11 -g3 -DDEBUG -DUSE_HAL_DRIVER -DSTM32F103x6 -c -I../Core/Inc -I../Drivers/STM32F1xx_HAL_Driver/Inc -I../Drivers/STM32F1xx_HAL_Driver/Inc/Legacy -I../Drivers/CMSIS/Device/ST/STM32F1xx/Include -I../Drivers/CMSIS/Include -O0 -ffunction-sections -fdata-sections -Wall -fstack-usage -MMD -MP -MF"Core/Src/main.d" -MT"Core/Src/main.o" --specs=nano.specs -mfloat-abi=soft -mthumb -o "Core/Src/main.o"
arm-none-eabi-gcc -o "LAB2_VXL_EX9-10.elf" @"objects.list"   -mcpu=cortex-m3 -T"D:\STM32CubeIDE_1.7.0\STM32CubeIDE\Lab2_VXL\LAB2_VXL_EX9-10\STM32F103C6UX_FLASH.ld" --specs=nosys.specs -Wl,-Map="LAB2_VXL_EX9-10.map" -Wl,--gc-sections -static --specs=nano.specs -mfloat-abi=soft -mthumb -Wl,--start-group -lc -lm -Wl,--end-group
Finished building target: LAB2_VXL_EX9-10.elf
 
arm-none-eabi-size   LAB2_VXL_EX9-10.elf 
arm-none-eabi-objdump -h -S  LAB2_VXL_EX9-10.elf  > "LAB2_VXL_EX9-10.list"
arm-none-eabi-objcopy  -O ihex  LAB2_VXL_EX9-10.elf  "LAB2_VXL_EX9-10.hex"
   text	   data	    bss	    dec	    hex	filename
   8124	     84	   1676	   9884	   269c	LAB2_VXL_EX9-10.elf
arm-none-eabi-objcopy  -O binary  LAB2_VXL_EX9-10.elf  "LAB2_VXL_EX9-10.bin"
Finished building: default.size.stdout
 
Finished building: LAB2_VXL_EX9-10.bin
Finished building: LAB2_VXL_EX9-10.hex
 
 
Finished building: LAB2_VXL_EX9-10.list
 
10:04:00 **** Incremental Build of configuration Debug for project LAB2_VXL_EX9-10 ****
make -j4 all 
arm-none-eabi-gcc "../Core/Src/main.c" -mcpu=cortex-m3 -std=gnu11 -g3 -DDEBUG -DUSE_HAL_DRIVER -DSTM32F103x6 -c -I../Core/Inc -I../Drivers/STM32F1xx_HAL_Driver/Inc -I../Drivers/STM32F1xx_HAL_Driver/Inc/Legacy -I../Drivers/CMSIS/Device/ST/STM32F1xx/Include -I../Drivers/CMSIS/Include -O0 -ffunction-sections -fdata-sections -Wall -fstack-usage -MMD -MP -MF"Core/Src/main.d" -MT"Core/Src/main.o" --specs=nano.specs -mfloat-abi=soft -mthumb -o "Core/Src/main.o"
arm-none-eabi-gcc -o "LAB2_VXL_EX9-10.elf" @"objects.list"   -mcpu=cortex-m3 -T"D:\STM32CubeIDE_1.7.0\STM32CubeIDE\Lab2_VXL\LAB2_VXL_EX9-10\STM32F103C6UX_FLASH.ld" --specs=nosys.specs -Wl,-Map="LAB2_VXL_EX9-10.map" -Wl,--gc-sections -static --specs=nano.specs -mfloat-abi=soft -mthumb -Wl,--start-group -lc -lm -Wl,--end-group
Finished building target: LAB2_VXL_EX9-10.elf
 
arm-none-eabi-size   LAB2_VXL_EX9-10.elf 
arm-none-eabi-objdump -h -S  LAB2_VXL_EX9-10.elf  > "LAB2_VXL_EX9-10.list"
arm-none-eabi-objcopy  -O ihex  LAB2_VXL_EX9-10.elf  "LAB2_VXL_EX9-10.hex"
arm-none-eabi-objcopy  -O binary  LAB2_VXL_EX9-10.elf  "LAB2_VXL_EX9-10.bin"
   text	   data	    bss	    dec	    hex	filename
   8124	     80	   1672	   9876	   2694	LAB2_VXL_EX9-10.elf
Finished building: default.size.stdout
 
Finished building: LAB2_VXL_EX9-10.hex
Finished building: LAB2_VXL_EX9-10.bin
 
Finished building: LAB2_VXL_EX9-10.list
 
 
10:05:17 **** Incremental Build of configuration Debug for project LAB2_VXL_EX9-10 ****
make -j4 all 
arm-none-eabi-gcc "../Core/Src/main.c" -mcpu=cortex-m3 -std=gnu11 -g3 -DDEBUG -DUSE_HAL_DRIVER -DSTM32F103x6 -c -I../Core/Inc -I../Drivers/STM32F1xx_HAL_Driver/Inc -I../Drivers/STM32F1xx_HAL_Driver/Inc/Legacy -I../Drivers/CMSIS/Device/ST/STM32F1xx/Include -I../Drivers/CMSIS/Include -O0 -ffunction-sections -fdata-sections -Wall -fstack-usage -MMD -MP -MF"Core/Src/main.d" -MT"Core/Src/main.o" --specs=nano.specs -mfloat-abi=soft -mthumb -o "Core/Src/main.o"
arm-none-eabi-gcc -o "LAB2_VXL_EX9-10.elf" @"objects.list"   -mcpu=cortex-m3 -T"D:\STM32CubeIDE_1.7.0\STM32CubeIDE\Lab2_VXL\LAB2_VXL_EX9-10\STM32F103C6UX_FLASH.ld" --specs=nosys.specs -Wl,-Map="LAB2_VXL_EX9-10.map" -Wl,--gc-sections -static --specs=nano.specs -mfloat-abi=soft -mthumb -Wl,--start-group -lc -lm -Wl,--end-group
Finished building target: LAB2_VXL_EX9-10.elf
 
arm-none-eabi-size   LAB2_VXL_EX9-10.elf 
arm-none-eabi-objdump -h -S  LAB2_VXL_EX9-10.elf  > "LAB2_VXL_EX9-10.list"
arm-none-eabi-objcopy  -O ihex  LAB2_VXL_EX9-10.elf  "LAB2_VXL_EX9-10.hex"
arm-none-eabi-objcopy  -O binary  LAB2_VXL_EX9-10.elf  "LAB2_VXL_EX9-10.bin"
   text	   data	    bss	    dec	    hex	filename
   8112	     80	   1672	   9864	   2688	LAB2_VXL_EX9-10.elf
Finished building: default.size.stdout
 
Finished building: LAB2_VXL_EX9-10.hex
Finished building: LAB2_VXL_EX9-10.bin
Finished building: LAB2_VXL_EX9-10.list
 
 
 
10:12:07 **** Incremental Build of configuration Debug for project LAB2_VXL_EX6-7-8 ****
make -j4 all 
arm-none-eabi-gcc "../Core/Src/main.c" -mcpu=cortex-m3 -std=gnu11 -g3 -DDEBUG -DUSE_HAL_DRIVER -DSTM32F103x6 -c -I../Core/Inc -I../Drivers/STM32F1xx_HAL_Driver/Inc -I../Drivers/STM32F1xx_HAL_Driver/Inc/Legacy -I../Drivers/CMSIS/Device/ST/STM32F1xx/Include -I../Drivers/CMSIS/Include -O0 -ffunction-sections -fdata-sections -Wall -fstack-usage -MMD -MP -MF"Core/Src/main.d" -MT"Core/Src/main.o" --specs=nano.specs -mfloat-abi=soft -mthumb -o "Core/Src/main.o"
arm-none-eabi-gcc -o "LAB2_VXL_EX6-7-8.elf" @"objects.list"   -mcpu=cortex-m3 -T"D:\STM32CubeIDE_1.7.0\STM32CubeIDE\Lab2_VXL\LAB2_VXL_EX6-7-8\STM32F103C6UX_FLASH.ld" --specs=nosys.specs -Wl,-Map="LAB2_VXL_EX6-7-8.map" -Wl,--gc-sections -static --specs=nano.specs -mfloat-abi=soft -mthumb -Wl,--start-group -lc -lm -Wl,--end-group
Finished building target: LAB2_VXL_EX6-7-8.elf
 
arm-none-eabi-size   LAB2_VXL_EX6-7-8.elf 
arm-none-eabi-objdump -h -S  LAB2_VXL_EX6-7-8.elf  > "LAB2_VXL_EX6-7-8.list"
arm-none-eabi-objcopy  -O ihex  LAB2_VXL_EX6-7-8.elf  "LAB2_VXL_EX6-7-8.hex"
arm-none-eabi-objcopy  -O binary  LAB2_VXL_EX6-7-8.elf  "LAB2_VXL_EX6-7-8.bin"
   text	   data	    bss	    dec	    hex	filename
   7840	     40	   1656	   9536	   2540	LAB2_VXL_EX6-7-8.elf
Finished building: default.size.stdout
Finished building: LAB2_VXL_EX6-7-8.hex
 
Finished building: LAB2_VXL_EX6-7-8.bin
 
 
Finished building: LAB2_VXL_EX6-7-8.list
 
13:10:31 **** Incremental Build of configuration Debug for project LAB2_VXL_EX9-10 ****
make -j4 all 
arm-none-eabi-gcc "../Core/Src/main.c" -mcpu=cortex-m3 -std=gnu11 -g3 -DDEBUG -DUSE_HAL_DRIVER -DSTM32F103x6 -c -I../Core/Inc -I../Drivers/STM32F1xx_HAL_Driver/Inc -I../Drivers/STM32F1xx_HAL_Driver/Inc/Legacy -I../Drivers/CMSIS/Device/ST/STM32F1xx/Include -I../Drivers/CMSIS/Include -O0 -ffunction-sections -fdata-sections -Wall -fstack-usage -MMD -MP -MF"Core/Src/main.d" -MT"Core/Src/main.o" --specs=nano.specs -mfloat-abi=soft -mthumb -o "Core/Src/main.o"
arm-none-eabi-gcc -o "LAB2_VXL_EX9-10.elf" @"objects.list"   -mcpu=cortex-m3 -T"D:\STM32CubeIDE_1.7.0\STM32CubeIDE\Lab2_VXL\LAB2_VXL_EX9-10\STM32F103C6UX_FLASH.ld" --specs=nosys.specs -Wl,-Map="LAB2_VXL_EX9-10.map" -Wl,--gc-sections -static --specs=nano.specs -mfloat-abi=soft -mthumb -Wl,--start-group -lc -lm -Wl,--end-group
Finished building target: LAB2_VXL_EX9-10.elf
 
arm-none-eabi-size   LAB2_VXL_EX9-10.elf 
arm-none-eabi-objdump -h -S  LAB2_VXL_EX9-10.elf  > "LAB2_VXL_EX9-10.list"
arm-none-eabi-objcopy  -O ihex  LAB2_VXL_EX9-10.elf  "LAB2_VXL_EX9-10.hex"
arm-none-eabi-objcopy  -O binary  LAB2_VXL_EX9-10.elf  "LAB2_VXL_EX9-10.bin"
   text	   data	    bss	    dec	    hex	filename
   8124	     80	   1672	   9876	   2694	LAB2_VXL_EX9-10.elf
Finished building: default.size.stdout
 
Finished building: LAB2_VXL_EX9-10.list
 
Finished building: LAB2_VXL_EX9-10.bin
Finished building: LAB2_VXL_EX9-10.hex
 
 
