10:12:07 **** Incremental Build of configuration Debug for project LAB2_VXL_EX6-7-8 ****
make -j4 all 
arm-none-eabi-gcc "../Core/Src/main.c" -mcpu=cortex-m3 -std=gnu11 -g3 -DDEBUG -DUSE_HAL_DRIVER -DSTM32F103x6 -c -I../Core/Inc -I../Drivers/STM32F1xx_HAL_Driver/Inc -I../Drivers/STM32F1xx_HAL_Driver/Inc/Legacy -I../Drivers/CMSIS/Device/ST/STM32F1xx/Include -I../Drivers/CMSIS/Include -O0 -ffunction-sections -fdata-sections -Wall -fstack-usage -MMD -MP -MF"Core/Src/main.d" -MT"Core/Src/main.o" --specs=nano.specs -mfloat-abi=soft -mthumb -o "Core/Src/main.o"
arm-none-eabi-gcc -o "LAB2_VXL_EX6-7-8.elf" @"objects.list"   -mcpu=cortex-m3 -T"D:\STM32CubeIDE_1.7.0\STM32CubeIDE\Lab2_VXL\LAB2_VXL_EX6-7-8\STM32F103C6UX_FLASH.ld" --specs=nosys.specs -Wl,-Map="LAB2_VXL_EX6-7-8.map" -Wl,--gc-sections -static --specs=nano.specs -mfloat-abi=soft -mthumb -Wl,--start-group -lc -lm -Wl,--end-group
Finished building target: LAB2_VXL_EX6-7-8.elf
 
arm-none-eabi-size   LAB2_VXL_EX6-7-8.elf 
arm-none-eabi-objdump -h -S  LAB2_VXL_EX6-7-8.elf  > "LAB2_VXL_EX6-7-8.list"
arm-none-eabi-objcopy  -O ihex  LAB2_VXL_EX6-7-8.elf  "LAB2_VXL_EX6-7-8.hex"
arm-none-eabi-objcopy  -O binary  LAB2_VXL_EX6-7-8.elf  "LAB2_VXL_EX6-7-8.bin"
   text	   data	    bss	    dec	    hex	filename
   7840	     40	   1656	   9536	   2540	LAB2_VXL_EX6-7-8.elf
Finished building: default.size.stdout
Finished building: LAB2_VXL_EX6-7-8.hex
 
Finished building: LAB2_VXL_EX6-7-8.bin
 
 
Finished building: LAB2_VXL_EX6-7-8.list
 

10:12:09 Build Finished. 0 errors, 0 warnings. (took 2s.232ms)

